20:27:36 **** Build of project eth_with_dma_fft_xadc_bsp ****
make -k all 
Running Make include in microblaze_0/libsrc/bram_v4_1/src
make -C microblaze_0/libsrc/bram_v4_1/src -s include  "SHELL=/bin/sh" "COMPILER=mb-gcc" "ARCHIVER=mb-ar" "COMPILER_FLAGS= -O2 -c -mcpu=v10.0 -mlittle-endian -mxl-soft-mul" "EXTRA_COMPILER_FLAGS=-ffunction-sections -fdata-sections -Wall -Wextra"
Running Make include in microblaze_0/libsrc/cpu_v2_6/src
make -C microblaze_0/libsrc/cpu_v2_6/src -s include  "SHELL=/bin/sh" "COMPILER=mb-gcc" "ARCHIVER=mb-ar" "COMPILER_FLAGS= -O2 -c -mcpu=v10.0 -mlittle-endian -mxl-soft-mul" "EXTRA_COMPILER_FLAGS=-ffunction-sections -fdata-sections -Wall -Wextra"
Running Make include in microblaze_0/libsrc/standalone_v6_3/src
make -C microblaze_0/libsrc/standalone_v6_3/src -s include  "SHELL=/bin/sh" "COMPILER=mb-gcc" "ARCHIVER=mb-ar" "COMPILER_FLAGS= -O2 -c -mcpu=v10.0 -mlittle-endian -mxl-soft-mul" "EXTRA_COMPILER_FLAGS=-ffunction-sections -fdata-sections -Wall -Wextra"
Running Make include in microblaze_0/libsrc/intc_v3_6/src
make -C microblaze_0/libsrc/intc_v3_6/src -s include  "SHELL=/bin/sh" "COMPILER=mb-gcc" "ARCHIVER=mb-ar" "COMPILER_FLAGS= -O2 -c -mcpu=v10.0 -mlittle-endian -mxl-soft-mul" "EXTRA_COMPILER_FLAGS=-ffunction-sections -fdata-sections -Wall -Wextra"
Running Make include in microblaze_0/libsrc/axidma_v9_3/src
make -C microblaze_0/libsrc/axidma_v9_3/src -s include  "SHELL=/bin/sh" "COMPILER=mb-gcc" "ARCHIVER=mb-ar" "COMPILER_FLAGS= -O2 -c -mcpu=v10.0 -mlittle-endian -mxl-soft-mul" "EXTRA_COMPILER_FLAGS=-ffunction-sections -fdata-sections -Wall -Wextra"
Running Make include in microblaze_0/libsrc/emaclite_v4_3/src
make -C microblaze_0/libsrc/emaclite_v4_3/src -s include  "SHELL=/bin/sh" "COMPILER=mb-gcc" "ARCHIVER=mb-ar" "COMPILER_FLAGS= -O2 -c -mcpu=v10.0 -mlittle-endian -mxl-soft-mul" "EXTRA_COMPILER_FLAGS=-ffunction-sections -fdata-sections -Wall -Wextra"
Running Make include in microblaze_0/libsrc/uartlite_v3_2/src
make -C microblaze_0/libsrc/uartlite_v3_2/src -s include  "SHELL=/bin/sh" "COMPILER=mb-gcc" "ARCHIVER=mb-ar" "COMPILER_FLAGS= -O2 -c -mcpu=v10.0 -mlittle-endian -mxl-soft-mul" "EXTRA_COMPILER_FLAGS=-ffunction-sections -fdata-sections -Wall -Wextra"
Running Make include in microblaze_0/libsrc/sysmon_v7_3/src
make -C microblaze_0/libsrc/sysmon_v7_3/src -s include  "SHELL=/bin/sh" "COMPILER=mb-gcc" "ARCHIVER=mb-ar" "COMPILER_FLAGS= -O2 -c -mcpu=v10.0 -mlittle-endian -mxl-soft-mul" "EXTRA_COMPILER_FLAGS=-ffunction-sections -fdata-sections -Wall -Wextra"
Running Make include in microblaze_0/libsrc/lwip141_v1_8/src
make -C microblaze_0/libsrc/lwip141_v1_8/src -s include  "SHELL=/bin/sh" "COMPILER=mb-gcc" "ARCHIVER=mb-ar" "COMPILER_FLAGS= -O2 -c -mcpu=v10.0 -mlittle-endian -mxl-soft-mul" "EXTRA_COMPILER_FLAGS=-ffunction-sections -fdata-sections -Wall -Wextra"
Running Make include in microblaze_0/libsrc/tmrctr_v4_3/src
make -C microblaze_0/libsrc/tmrctr_v4_3/src -s include  "SHELL=/bin/sh" "COMPILER=mb-gcc" "ARCHIVER=mb-ar" "COMPILER_FLAGS= -O2 -c -mcpu=v10.0 -mlittle-endian -mxl-soft-mul" "EXTRA_COMPILER_FLAGS=-ffunction-sections -fdata-sections -Wall -Wextra"
Running Make libs in microblaze_0/libsrc/bram_v4_1/src
make -C microblaze_0/libsrc/bram_v4_1/src -s libs  "SHELL=/bin/sh" "COMPILER=mb-gcc" "ARCHIVER=mb-ar" "COMPILER_FLAGS= -O2 -c -mcpu=v10.0 -mlittle-endian -mxl-soft-mul" "EXTRA_COMPILER_FLAGS=-ffunction-sections -fdata-sections -Wall -Wextra"
Compiling bram
mb-ar: creating ../../../lib/libxil.a
Running Make libs in microblaze_0/libsrc/cpu_v2_6/src
make -C microblaze_0/libsrc/cpu_v2_6/src -s libs  "SHELL=/bin/sh" "COMPILER=mb-gcc" "ARCHIVER=mb-ar" "COMPILER_FLAGS= -O2 -c -mcpu=v10.0 -mlittle-endian -mxl-soft-mul" "EXTRA_COMPILER_FLAGS=-ffunction-sections -fdata-sections -Wall -Wextra"
Compiling cpu
Running Make libs in microblaze_0/libsrc/standalone_v6_3/src
make -C microblaze_0/libsrc/standalone_v6_3/src -s libs  "SHELL=/bin/sh" "COMPILER=mb-gcc" "ARCHIVER=mb-ar" "COMPILER_FLAGS= -O2 -c -mcpu=v10.0 -mlittle-endian -mxl-soft-mul" "EXTRA_COMPILER_FLAGS=-ffunction-sections -fdata-sections -Wall -Wextra"
Compiling standalone
Running Make libs in microblaze_0/libsrc/intc_v3_6/src
make -C microblaze_0/libsrc/intc_v3_6/src -s libs  "SHELL=/bin/sh" "COMPILER=mb-gcc" "ARCHIVER=mb-ar" "COMPILER_FLAGS= -O2 -c -mcpu=v10.0 -mlittle-endian -mxl-soft-mul" "EXTRA_COMPILER_FLAGS=-ffunction-sections -fdata-sections -Wall -Wextra"
Compiling intc
Running Make libs in microblaze_0/libsrc/axidma_v9_3/src
make -C microblaze_0/libsrc/axidma_v9_3/src -s libs  "SHELL=/bin/sh" "COMPILER=mb-gcc" "ARCHIVER=mb-ar" "COMPILER_FLAGS= -O2 -c -mcpu=v10.0 -mlittle-endian -mxl-soft-mul" "EXTRA_COMPILER_FLAGS=-ffunction-sections -fdata-sections -Wall -Wextra"
Compiling axidma
Running Make libs in microblaze_0/libsrc/emaclite_v4_3/src
make -C microblaze_0/libsrc/emaclite_v4_3/src -s libs  "SHELL=/bin/sh" "COMPILER=mb-gcc" "ARCHIVER=mb-ar" "COMPILER_FLAGS= -O2 -c -mcpu=v10.0 -mlittle-endian -mxl-soft-mul" "EXTRA_COMPILER_FLAGS=-ffunction-sections -fdata-sections -Wall -Wextra"
Compiling emaclite
Running Make libs in microblaze_0/libsrc/uartlite_v3_2/src
make -C microblaze_0/libsrc/uartlite_v3_2/src -s libs  "SHELL=/bin/sh" "COMPILER=mb-gcc" "ARCHIVER=mb-ar" "COMPILER_FLAGS= -O2 -c -mcpu=v10.0 -mlittle-endian -mxl-soft-mul" "EXTRA_COMPILER_FLAGS=-ffunction-sections -fdata-sections -Wall -Wextra"
Compiling uartlite
Running Make libs in microblaze_0/libsrc/sysmon_v7_3/src
make -C microblaze_0/libsrc/sysmon_v7_3/src -s libs  "SHELL=/bin/sh" "COMPILER=mb-gcc" "ARCHIVER=mb-ar" "COMPILER_FLAGS= -O2 -c -mcpu=v10.0 -mlittle-endian -mxl-soft-mul" "EXTRA_COMPILER_FLAGS=-ffunction-sections -fdata-sections -Wall -Wextra"
Compiling sysmon
Running Make libs in microblaze_0/libsrc/lwip141_v1_8/src
make -C microblaze_0/libsrc/lwip141_v1_8/src -s libs  "SHELL=/bin/sh" "COMPILER=mb-gcc" "ARCHIVER=mb-ar" "COMPILER_FLAGS= -O2 -c -mcpu=v10.0 -mlittle-endian -mxl-soft-mul" "EXTRA_COMPILER_FLAGS=-ffunction-sections -fdata-sections -Wall -Wextra"
Compiling lwip src and adapter files
In file included from ../../../include/lwip/ip.h:39:0,
                 from lwip-1.4.1/src/core/ipv4/ip.c:42:
lwip-1.4.1/src/core/ipv4/ip.c: In function 'ip_input':
../../../include/lwip/ip_addr.h:200:39: warning: the comparison will always evaluate as 'false' for the address of 'current_iphdr_src' will never be NULL [-Waddress]
 #define ip_addr_isany(addr1) ((addr1) == NULL || (addr1)->addr == IPADDR_ANY)
                                       ^
lwip-1.4.1/src/core/ipv4/ip.c:473:24: note: in expansion of macro 'ip_addr_isany'
   if (check_ip_src && !ip_addr_isany(&current_iphdr_src))
                        ^~~~~~~~~~~~~
In file included from ../../../include/lwip/netif.h:41:0,
                 from ../../../include/lwip/udp.h:40,
                 from lwip-1.4.1/src/core/dhcp.c:75:
lwip-1.4.1/src/core/dhcp.c: In function 'dhcp_bind':
../../../include/lwip/ip_addr.h:200:39: warning: the comparison will always evaluate as 'false' for the address of 'gw_addr' will never be NULL [-Waddress]
 #define ip_addr_isany(addr1) ((addr1) == NULL || (addr1)->addr == IPADDR_ANY)
                                       ^
lwip-1.4.1/src/core/dhcp.c:987:7: note: in expansion of macro 'ip_addr_isany'
   if (ip_addr_isany(&gw_addr)) {
       ^~~~~~~~~~~~~
contrib/ports/xilinx/netif/xemacliteif.c: In function 'configure_IEEE_phy_speed_emaclite':
contrib/ports/xilinx/netif/xemacliteif.c:790:6: warning: unused variable 'phylinkspeed' [-Wunused-variable]
  u16 phylinkspeed;
      ^~~~~~~~~~~~
contrib/ports/xilinx/netif/xemacliteif.c:789:6: warning: unused variable 'status' [-Wunused-variable]
  u16 status;
      ^~~~~~
Running Make libs in microblaze_0/libsrc/tmrctr_v4_3/src
make -C microblaze_0/libsrc/tmrctr_v4_3/src -s libs  "SHELL=/bin/sh" "COMPILER=mb-gcc" "ARCHIVER=mb-ar" "COMPILER_FLAGS= -O2 -c -mcpu=v10.0 -mlittle-endian -mxl-soft-mul" "EXTRA_COMPILER_FLAGS=-ffunction-sections -fdata-sections -Wall -Wextra"
Compiling tmrctr
Finished building libraries
20:27:48 **** Build of configuration Debug for project eth_with_dma_fft_xadc ****
make all 
Building file: ../src/echo.c
Invoking: MicroBlaze gcc compiler
mb-gcc -Wall -O0 -g3 -c -fmessage-length=0 -MT"src/echo.o" -I../../eth_with_dma_fft_xadc_bsp/microblaze_0/include -mlittle-endian -mcpu=v10.0 -mxl-soft-mul -Wl,--no-relax -ffunction-sections -fdata-sections -MMD -MP -MF"src/echo.d" -MT"src/echo.o" -o "src/echo.o" "../src/echo.c"
Finished building: ../src/echo.c
 
Building file: ../src/i2c_access.c
Invoking: MicroBlaze gcc compiler
mb-gcc -Wall -O0 -g3 -c -fmessage-length=0 -MT"src/i2c_access.o" -I../../eth_with_dma_fft_xadc_bsp/microblaze_0/include -mlittle-endian -mcpu=v10.0 -mxl-soft-mul -Wl,--no-relax -ffunction-sections -fdata-sections -MMD -MP -MF"src/i2c_access.d" -MT"src/i2c_access.o" -o "src/i2c_access.o" "../src/i2c_access.c"
Finished building: ../src/i2c_access.c
 
Building file: ../src/iic_phyreset.c
Invoking: MicroBlaze gcc compiler
mb-gcc -Wall -O0 -g3 -c -fmessage-length=0 -MT"src/iic_phyreset.o" -I../../eth_with_dma_fft_xadc_bsp/microblaze_0/include -mlittle-endian -mcpu=v10.0 -mxl-soft-mul -Wl,--no-relax -ffunction-sections -fdata-sections -MMD -MP -MF"src/iic_phyreset.d" -MT"src/iic_phyreset.o" -o "src/iic_phyreset.o" "../src/iic_phyreset.c"
Finished building: ../src/iic_phyreset.c
 
Building file: ../src/main.c
Invoking: MicroBlaze gcc compiler
mb-gcc -Wall -O0 -g3 -c -fmessage-length=0 -MT"src/main.o" -I../../eth_with_dma_fft_xadc_bsp/microblaze_0/include -mlittle-endian -mcpu=v10.0 -mxl-soft-mul -Wl,--no-relax -ffunction-sections -fdata-sections -MMD -MP -MF"src/main.d" -MT"src/main.o" -o "src/main.o" "../src/main.c"
Finished building: ../src/main.c
 
Building file: ../src/platform.c
Invoking: MicroBlaze gcc compiler
mb-gcc -Wall -O0 -g3 -c -fmessage-length=0 -MT"src/platform.o" -I../../eth_with_dma_fft_xadc_bsp/microblaze_0/include -mlittle-endian -mcpu=v10.0 -mxl-soft-mul -Wl,--no-relax -ffunction-sections -fdata-sections -MMD -MP -MF"src/platform.d" -MT"src/platform.o" -o "src/platform.o" "../src/platform.c"
Finished building: ../src/platform.c
 
Building file: ../src/platform_mb.c
Invoking: MicroBlaze gcc compiler
mb-gcc -Wall -O0 -g3 -c -fmessage-length=0 -MT"src/platform_mb.o" -I../../eth_with_dma_fft_xadc_bsp/microblaze_0/include -mlittle-endian -mcpu=v10.0 -mxl-soft-mul -Wl,--no-relax -ffunction-sections -fdata-sections -MMD -MP -MF"src/platform_mb.d" -MT"src/platform_mb.o" -o "src/platform_mb.o" "../src/platform_mb.c"
Finished building: ../src/platform_mb.c
 
Building file: ../src/platform_ppc.c
Invoking: MicroBlaze gcc compiler
mb-gcc -Wall -O0 -g3 -c -fmessage-length=0 -MT"src/platform_ppc.o" -I../../eth_with_dma_fft_xadc_bsp/microblaze_0/include -mlittle-endian -mcpu=v10.0 -mxl-soft-mul -Wl,--no-relax -ffunction-sections -fdata-sections -MMD -MP -MF"src/platform_ppc.d" -MT"src/platform_ppc.o" -o "src/platform_ppc.o" "../src/platform_ppc.c"
Finished building: ../src/platform_ppc.c
 
Building file: ../src/platform_zynq.c
Invoking: MicroBlaze gcc compiler
mb-gcc -Wall -O0 -g3 -c -fmessage-length=0 -MT"src/platform_zynq.o" -I../../eth_with_dma_fft_xadc_bsp/microblaze_0/include -mlittle-endian -mcpu=v10.0 -mxl-soft-mul -Wl,--no-relax -ffunction-sections -fdata-sections -MMD -MP -MF"src/platform_zynq.d" -MT"src/platform_zynq.o" -o "src/platform_zynq.o" "../src/platform_zynq.c"
Finished building: ../src/platform_zynq.c
 
Building file: ../src/platform_zynqmp.c
Invoking: MicroBlaze gcc compiler
mb-gcc -Wall -O0 -g3 -c -fmessage-length=0 -MT"src/platform_zynqmp.o" -I../../eth_with_dma_fft_xadc_bsp/microblaze_0/include -mlittle-endian -mcpu=v10.0 -mxl-soft-mul -Wl,--no-relax -ffunction-sections -fdata-sections -MMD -MP -MF"src/platform_zynqmp.d" -MT"src/platform_zynqmp.o" -o "src/platform_zynqmp.o" "../src/platform_zynqmp.c"
Finished building: ../src/platform_zynqmp.c
 
Building file: ../src/sfp.c
Invoking: MicroBlaze gcc compiler
mb-gcc -Wall -O0 -g3 -c -fmessage-length=0 -MT"src/sfp.o" -I../../eth_with_dma_fft_xadc_bsp/microblaze_0/include -mlittle-endian -mcpu=v10.0 -mxl-soft-mul -Wl,--no-relax -ffunction-sections -fdata-sections -MMD -MP -MF"src/sfp.d" -MT"src/sfp.o" -o "src/sfp.o" "../src/sfp.c"
Finished building: ../src/sfp.c
 
Building file: ../src/si5324.c
Invoking: MicroBlaze gcc compiler
mb-gcc -Wall -O0 -g3 -c -fmessage-length=0 -MT"src/si5324.o" -I../../eth_with_dma_fft_xadc_bsp/microblaze_0/include -mlittle-endian -mcpu=v10.0 -mxl-soft-mul -Wl,--no-relax -ffunction-sections -fdata-sections -MMD -MP -MF"src/si5324.d" -MT"src/si5324.o" -o "src/si5324.o" "../src/si5324.c"
Finished building: ../src/si5324.c
 
Building target: eth_with_dma_fft_xadc.elf
Invoking: MicroBlaze gcc linker
mb-gcc -Wl,-T -Wl,../src/lscript.ld -L../../eth_with_dma_fft_xadc_bsp/microblaze_0/lib -mlittle-endian -mcpu=v10.0 -mxl-soft-mul -Wl,--no-relax -Wl,--gc-sections -o "eth_with_dma_fft_xadc.elf"  ./src/echo.o ./src/i2c_access.o ./src/iic_phyreset.o ./src/main.o ./src/platform.o ./src/platform_mb.o ./src/platform_ppc.o ./src/platform_zynq.o ./src/platform_zynqmp.o ./src/sfp.o ./src/si5324.o   -Wl,--start-group,-lxil,-lgcc,-lc,--end-group -Wl,--start-group,-lxil,-llwip4,-lgcc,-lc,--end-group
Finished building target: eth_with_dma_fft_xadc.elf
 
Invoking: MicroBlaze Print Size
mb-size eth_with_dma_fft_xadc.elf  |tee "eth_with_dma_fft_xadc.elf.size"
   text	   data	    bss	    dec	    hex	filename
 108028	   1428	 750680	 860136	  d1fe8	eth_with_dma_fft_xadc.elf
Finished building: eth_with_dma_fft_xadc.elf.size
 
20:27:50 **** Auto Build of configuration Debug for project eth_with_dma_fft_xadc ****
make all 
make: Nothing to be done for 'all'.
20:29:04 **** Auto Build of configuration Debug for project eth_with_dma_fft_xadc ****
make all 
Building file: ../src/dma.c
Invoking: MicroBlaze gcc compiler
mb-gcc -Wall -O0 -g3 -c -fmessage-length=0 -MT"src/dma.o" -I../../eth_with_dma_fft_xadc_bsp/microblaze_0/include -mlittle-endian -mcpu=v10.0 -mxl-soft-mul -Wl,--no-relax -ffunction-sections -fdata-sections -MMD -MP -MF"src/dma.d" -MT"src/dma.o" -o "src/dma.o" "../src/dma.c"
Finished building: ../src/dma.c
 
Building target: eth_with_dma_fft_xadc.elf
Invoking: MicroBlaze gcc linker
mb-gcc -Wl,-T -Wl,../src/lscript.ld -L../../eth_with_dma_fft_xadc_bsp/microblaze_0/lib -mlittle-endian -mcpu=v10.0 -mxl-soft-mul -Wl,--no-relax -Wl,--gc-sections -o "eth_with_dma_fft_xadc.elf"  ./src/dma.o ./src/echo.o ./src/i2c_access.o ./src/iic_phyreset.o ./src/main.o ./src/platform.o ./src/platform_mb.o ./src/platform_ppc.o ./src/platform_zynq.o ./src/platform_zynqmp.o ./src/sfp.o ./src/si5324.o   -Wl,--start-group,-lxil,-lgcc,-lc,--end-group -Wl,--start-group,-lxil,-llwip4,-lgcc,-lc,--end-group
Finished building target: eth_with_dma_fft_xadc.elf
 
Invoking: MicroBlaze Print Size
mb-size eth_with_dma_fft_xadc.elf  |tee "eth_with_dma_fft_xadc.elf.size"
   text	   data	    bss	    dec	    hex	filename
 108028	   1428	 750680	 860136	  d1fe8	eth_with_dma_fft_xadc.elf
Finished building: eth_with_dma_fft_xadc.elf.size
 
20:29:10 **** Auto Build of configuration Debug for project eth_with_dma_fft_xadc ****
make all 
make: Nothing to be done for 'all'.
20:29:14 **** Auto Build of configuration Debug for project eth_with_dma_fft_xadc ****
make all 
Building file: ../src/dma.c
Invoking: MicroBlaze gcc compiler
mb-gcc -Wall -O0 -g3 -c -fmessage-length=0 -MT"src/dma.o" -I../../eth_with_dma_fft_xadc_bsp/microblaze_0/include -mlittle-endian -mcpu=v10.0 -mxl-soft-mul -Wl,--no-relax -ffunction-sections -fdata-sections -MMD -MP -MF"src/dma.d" -MT"src/dma.o" -o "src/dma.o" "../src/dma.c"
../src/dma.c:2:1: warning: "/*" within comment [-Wcomment]
 /*
  
../src/dma.c:11:10: error: unknown type name 'u32'
 volatile u32 *MM2S_DMACR    = (u32 *) (DMA_BASE_ADDR+ 0x00); //MM2S DMA Control register
          ^~~
../src/dma.c:11:32: error: 'u32' undeclared here (not in a function)
 volatile u32 *MM2S_DMACR    = (u32 *) (DMA_BASE_ADDR+ 0x00); //MM2S DMA Control register
                                ^~~
../src/dma.c:11:37: error: expected expression before ')' token
 volatile u32 *MM2S_DMACR    = (u32 *) (DMA_BASE_ADDR+ 0x00); //MM2S DMA Control register
                                     ^
src/subdir.mk:54: recipe for target 'src/dma.o' failed
../src/dma.c:11:40: error: 'DMA_BASE_ADDR' undeclared here (not in a function)
 volatile u32 *MM2S_DMACR    = (u32 *) (DMA_BASE_ADDR+ 0x00); //MM2S DMA Control register
                                        ^~~~~~~~~~~~~
../src/dma.c:12:14: error: expected '=', ',', ';', 'asm' or '__attribute__' before '*' token
 volatile u32 *MM2S_DMASR    = (u32 *) (DMA_BASE_ADDR+ 0x04); //MM2S DMA Status register
              ^
../src/dma.c:13:14: error: expected '=', ',', ';', 'asm' or '__attribute__' before '*' token
 volatile u32 *MM2S_SA     = (u32 *) (DMA_BASE_ADDR+ 0x18); //MM2S Source Address
              ^
../src/dma.c:14:14: error: expected '=', ',', ';', 'asm' or '__attribute__' before '*' token
 volatile u32 *MM2S_LENGTH   = (u32 *) (DMA_BASE_ADDR+ 0x28); //MM2S Transfer Length (Bytes)
              ^
../src/dma.c:15:14: error: expected '=', ',', ';', 'asm' or '__attribute__' before '*' token
 volatile u32 *S2MM_DMACR    = (u32 *) (DMA_BASE_ADDR+ 0x30); //S2MM DMA Control register
              ^
../src/dma.c:16:14: error: expected '=', ',', ';', 'asm' or '__attribute__' before '*' token
 volatile u32 *S2MM_DMASR    = (u32 *) (DMA_BASE_ADDR+ 0x34); //S2MM DMA Status register
              ^
../src/dma.c:17:14: error: expected '=', ',', ';', 'asm' or '__attribute__' before '*' token
 volatile u32 *S2MM_DA     = (u32 *) (DMA_BASE_ADDR+ 0x48); //S2MM Destination Address
              ^
../src/dma.c:18:14: error: expected '=', ',', ';', 'asm' or '__attribute__' before '*' token
 volatile u32 *S2MM_LENGTH   = (u32 *) (DMA_BASE_ADDR+ 0x58); //S2MM Buffer Length (Bytes)
              ^
../src/dma.c:20:17: error: expected declaration specifiers or '...' before 'u32'
 void set_memory(u32 *addr, u32 length, u32 value){
                 ^~~
../src/dma.c:20:28: error: expected declaration specifiers or '...' before 'u32'
 void set_memory(u32 *addr, u32 length, u32 value){
                            ^~~
../src/dma.c:20:40: error: expected declaration specifiers or '...' before 'u32'
 void set_memory(u32 *addr, u32 length, u32 value){
                                        ^~~
../src/dma.c:29:19: error: expected declaration specifiers or '...' before 'u32'
 void print_memory(u32 *addr, u32 length){
                   ^~~
../src/dma.c:29:30: error: expected declaration specifiers or '...' before 'u32'
 void print_memory(u32 *addr, u32 length){
                              ^~~
../src/dma.c: In function 'init_DMA_direct':
../src/dma.c:40:2: warning: implicit declaration of function 'xil_printf' [-Wimplicit-function-declaration]
  xil_printf("MM2S status is = %x\n\r",*MM2S_DMASR); // print for debug purpose
  ^~~~~~~~~~
../src/dma.c:40:40: error: 'MM2S_DMASR' undeclared (first use in this function)
  xil_printf("MM2S status is = %x\n\r",*MM2S_DMASR); // print for debug purpose
                                        ^~~~~~~~~~
../src/dma.c:40:40: note: each undeclared identifier is reported only once for each function it appears in
../src/dma.c: In function 'init_DMA_direct_int':
../src/dma.c:46:3: error: 'S2MM_DMACR' undeclared (first use in this function)
  *S2MM_DMACR = 0x00005001; //enable the S2MM DMA
   ^~~~~~~~~~
../src/dma.c:47:57: error: 'MM2S_DMASR' undeclared (first use in this function)
  xil_printf("MM2S status is = %x S2MM status = %x\n\r",*MM2S_DMASR,*S2MM_DMASR); // print for debug purpose
                                                         ^~~~~~~~~~
../src/dma.c:47:69: error: 'S2MM_DMASR' undeclared (first use in this function)
  xil_printf("MM2S status is = %x S2MM status = %x\n\r",*MM2S_DMASR,*S2MM_DMASR); // print for debug purpose
                                                                     ^~~~~~~~~~
../src/dma.c: In function 'halt_DMA_direct':
../src/dma.c:52:3: error: 'S2MM_DMACR' undeclared (first use in this function)
  *S2MM_DMACR = 0x00000000; //enable the S2MM DMA
   ^~~~~~~~~~
../src/dma.c:53:57: error: 'MM2S_DMASR' undeclared (first use in this function)
  xil_printf("MM2S status is = %x S2MM status = %x\n\r",*MM2S_DMASR,*S2MM_DMASR); // print for debug purpose
                                                         ^~~~~~~~~~
../src/dma.c:53:69: error: 'S2MM_DMASR' undeclared (first use in this function)
  xil_printf("MM2S status is = %x S2MM status = %x\n\r",*MM2S_DMASR,*S2MM_DMASR); // print for debug purpose
                                                                     ^~~~~~~~~~
../src/dma.c: At top level:
../src/dma.c:56:31: error: expected declaration specifiers or '...' before 'u32'
 void dma_mm2s(void *baseaddr, u32 len) {
                               ^~~
../src/dma.c: In function 'dma_int_handler':
../src/dma.c:66:15: error: expected '=', ',', ';', 'asm' or '__attribute__' before 'mm2s'
  volatile u32 mm2s = *MM2S_DMASR;
               ^~~~
../src/dma.c:66:15: error: 'mm2s' undeclared (first use in this function)
../src/dma.c:66:23: error: 'MM2S_DMASR' undeclared (first use in this function)
  volatile u32 mm2s = *MM2S_DMASR;
                       ^~~~~~~~~~
../src/dma.c:67:15: error: expected '=', ',', ';', 'asm' or '__attribute__' before 's2mm'
  volatile u32 s2mm = *S2MM_DMASR;
               ^~~~
../src/dma.c:67:15: error: 's2mm' undeclared (first use in this function)
../src/dma.c:67:23: error: 'S2MM_DMASR' undeclared (first use in this function)
  volatile u32 s2mm = *S2MM_DMASR;
                       ^~~~~~~~~~
../src/dma.c:71:2: warning: implicit declaration of function 'XIntc_AckIntr' [-Wimplicit-function-declaration]
  XIntc_AckIntr(XPAR_INTC_0_BASEADDR, 1 << XPAR_MICROBLAZE_0_AXI_INTC_AXI_DMA_0_MM2S_INTROUT_INTR);
  ^~~~~~~~~~~~~
../src/dma.c:71:16: error: 'XPAR_INTC_0_BASEADDR' undeclared (first use in this function)
  XIntc_AckIntr(XPAR_INTC_0_BASEADDR, 1 << XPAR_MICROBLAZE_0_AXI_INTC_AXI_DMA_0_MM2S_INTROUT_INTR);
                ^~~~~~~~~~~~~~~~~~~~
../src/dma.c:71:43: error: 'XPAR_MICROBLAZE_0_AXI_INTC_AXI_DMA_0_MM2S_INTROUT_INTR' undeclared (first use in this function)
  XIntc_AckIntr(XPAR_INTC_0_BASEADDR, 1 << XPAR_MICROBLAZE_0_AXI_INTC_AXI_DMA_0_MM2S_INTROUT_INTR);
                                           ^~~~~~~~~~~~~~~~~~~~~~~~~~~~~~~~~~~~~~~~~~~~~~~~~~~~~~
../src/dma.c: At top level:
../src/dma.c:78:8: error: expected '=', ',', ';', 'asm' or '__attribute__' before '.' token
 } * dma.c
        ^
make: *** [src/dma.o] Error 1
20:29:33 **** Auto Build of configuration Debug for project eth_with_dma_fft_xadc ****
make all 
Building file: ../src/dma.c
Invoking: MicroBlaze gcc compiler
mb-gcc -Wall -O0 -g3 -c -fmessage-length=0 -MT"src/dma.o" -I../../eth_with_dma_fft_xadc_bsp/microblaze_0/include -mlittle-endian -mcpu=v10.0 -mxl-soft-mul -Wl,--no-relax -ffunction-sections -fdata-sections -MMD -MP -MF"src/dma.d" -MT"src/dma.o" -o "src/dma.o" "../src/dma.c"
../src/dma.c:2:1: warning: "/*" within comment [-Wcomment]
 /*
  
In file included from ../src/dma.h:13:0,
                 from ../src/dma.c:9:
../src/dma.c: In function 'dma_int_handler':
../src/dma.c:71:43: error: 'XPAR_MICROBLAZE_0_AXI_INTC_AXI_DMA_0_MM2S_INTROUT_INTR' undeclared (first use in this function)
  XIntc_AckIntr(XPAR_INTC_0_BASEADDR, 1 << XPAR_MICROBLAZE_0_AXI_INTC_AXI_DMA_0_MM2S_INTROUT_INTR);
                                           ^
../../eth_with_dma_fft_xadc_bsp/microblaze_0/include/xintc_l.h:284:47: note: in definition of macro 'XIntc_AckIntr'
  XIntc_Out32((BaseAddress) + XIN_IAR_OFFSET, (AckMask))
                                               ^~~~~~~
../src/dma.c:71:43: note: each undeclared identifier is reported only once for each function it appears in
  XIntc_AckIntr(XPAR_INTC_0_BASEADDR, 1 << XPAR_MICROBLAZE_0_AXI_INTC_AXI_DMA_0_MM2S_INTROUT_INTR);
                                           ^
../../eth_with_dma_fft_xadc_bsp/microblaze_0/include/xintc_l.h:284:47: note: in definition of macro 'XIntc_AckIntr'
  XIntc_Out32((BaseAddress) + XIN_IAR_OFFSET, (AckMask))
                                               ^~~~~~~
src/subdir.mk:54: recipe for target 'src/dma.o' failed
../src/dma.c: At top level:
../src/dma.c:78:8: error: expected '=', ',', ';', 'asm' or '__attribute__' before '.' token
 } * dma.c
        ^
make: *** [src/dma.o] Error 1
20:29:44 **** Auto Build of configuration Debug for project eth_with_dma_fft_xadc ****
make all 
Building file: ../src/dma.c
Invoking: MicroBlaze gcc compiler
mb-gcc -Wall -O0 -g3 -c -fmessage-length=0 -MT"src/dma.o" -I../../eth_with_dma_fft_xadc_bsp/microblaze_0/include -mlittle-endian -mcpu=v10.0 -mxl-soft-mul -Wl,--no-relax -ffunction-sections -fdata-sections -MMD -MP -MF"src/dma.d" -MT"src/dma.o" -o "src/dma.o" "../src/dma.c"
../src/dma.c:2:1: warning: "/*" within comment [-Wcomment]
 /*
  
In file included from ../src/dma.h:13:0,
                 from ../src/dma.c:9:
../src/dma.c: In function 'dma_int_handler':
../src/dma.c:71:43: error: 'XPAR_MICROBLAZE_0_AXI_INTC_AXI_DMA_0_MM2S_INTROUT_INTR' undeclared (first use in this function)
  XIntc_AckIntr(XPAR_INTC_0_BASEADDR, 1 << XPAR_MICROBLAZE_0_AXI_INTC_AXI_DMA_0_MM2S_INTROUT_INTR);
                                           ^
../../eth_with_dma_fft_xadc_bsp/microblaze_0/include/xintc_l.h:284:47: note: in definition of macro 'XIntc_AckIntr'
  XIntc_Out32((BaseAddress) + XIN_IAR_OFFSET, (AckMask))
                                               ^~~~~~~
../src/dma.c:71:43: note: each undeclared identifier is reported only once for each function it appears in
  XIntc_AckIntr(XPAR_INTC_0_BASEADDR, 1 << XPAR_MICROBLAZE_0_AXI_INTC_AXI_DMA_0_MM2S_INTROUT_INTR);
                                           ^
../../eth_with_dma_fft_xadc_bsp/microblaze_0/include/xintc_l.h:284:47: note: in definition of macro 'XIntc_AckIntr'
src/subdir.mk:54: recipe for target 'src/dma.o' failed
  XIntc_Out32((BaseAddress) + XIN_IAR_OFFSET, (AckMask))
                                               ^~~~~~~
make: *** [src/dma.o] Error 1
20:29:48 **** Auto Build of configuration Debug for project eth_with_dma_fft_xadc ****
make all 
Building file: ../src/dma.c
Invoking: MicroBlaze gcc compiler
mb-gcc -Wall -O0 -g3 -c -fmessage-length=0 -MT"src/dma.o" -I../../eth_with_dma_fft_xadc_bsp/microblaze_0/include -mlittle-endian -mcpu=v10.0 -mxl-soft-mul -Wl,--no-relax -ffunction-sections -fdata-sections -MMD -MP -MF"src/dma.d" -MT"src/dma.o" -o "src/dma.o" "../src/dma.c"
../src/dma.c:2:1: warning: "/*" within comment [-Wcomment]
 /*
  
Finished building: ../src/dma.c
 
Building target: eth_with_dma_fft_xadc.elf
Invoking: MicroBlaze gcc linker
mb-gcc -Wl,-T -Wl,../src/lscript.ld -L../../eth_with_dma_fft_xadc_bsp/microblaze_0/lib -mlittle-endian -mcpu=v10.0 -mxl-soft-mul -Wl,--no-relax -Wl,--gc-sections -o "eth_with_dma_fft_xadc.elf"  ./src/dma.o ./src/echo.o ./src/i2c_access.o ./src/iic_phyreset.o ./src/main.o ./src/platform.o ./src/platform_mb.o ./src/platform_ppc.o ./src/platform_zynq.o ./src/platform_zynqmp.o ./src/sfp.o ./src/si5324.o   -Wl,--start-group,-lxil,-lgcc,-lc,--end-group -Wl,--start-group,-lxil,-llwip4,-lgcc,-lc,--end-group
Finished building target: eth_with_dma_fft_xadc.elf
 
Invoking: MicroBlaze Print Size
mb-size eth_with_dma_fft_xadc.elf  |tee "eth_with_dma_fft_xadc.elf.size"
   text	   data	    bss	    dec	    hex	filename
 108028	   1428	 750680	 860136	  d1fe8	eth_with_dma_fft_xadc.elf
Finished building: eth_with_dma_fft_xadc.elf.size
 
20:30:01 **** Auto Build of configuration Debug for project eth_with_dma_fft_xadc ****
make all 
Building file: ../src/streaming.c
Invoking: MicroBlaze gcc compiler
mb-gcc -Wall -O0 -g3 -c -fmessage-length=0 -MT"src/streaming.o" -I../../eth_with_dma_fft_xadc_bsp/microblaze_0/include -mlittle-endian -mcpu=v10.0 -mxl-soft-mul -Wl,--no-relax -ffunction-sections -fdata-sections -MMD -MP -MF"src/streaming.d" -MT"src/streaming.o" -o "src/streaming.o" "../src/streaming.c"
Finished building: ../src/streaming.c
 
Building target: eth_with_dma_fft_xadc.elf
Invoking: MicroBlaze gcc linker
mb-gcc -Wl,-T -Wl,../src/lscript.ld -L../../eth_with_dma_fft_xadc_bsp/microblaze_0/lib -mlittle-endian -mcpu=v10.0 -mxl-soft-mul -Wl,--no-relax -Wl,--gc-sections -o "eth_with_dma_fft_xadc.elf"  ./src/dma.o ./src/echo.o ./src/i2c_access.o ./src/iic_phyreset.o ./src/main.o ./src/platform.o ./src/platform_mb.o ./src/platform_ppc.o ./src/platform_zynq.o ./src/platform_zynqmp.o ./src/sfp.o ./src/si5324.o ./src/streaming.o   -Wl,--start-group,-lxil,-lgcc,-lc,--end-group -Wl,--start-group,-lxil,-llwip4,-lgcc,-lc,--end-group
Finished building target: eth_with_dma_fft_xadc.elf
 
Invoking: MicroBlaze Print Size
mb-size eth_with_dma_fft_xadc.elf  |tee "eth_with_dma_fft_xadc.elf.size"
   text	   data	    bss	    dec	    hex	filename
 108028	   1428	 750680	 860136	  d1fe8	eth_with_dma_fft_xadc.elf
Finished building: eth_with_dma_fft_xadc.elf.size
 
20:30:06 **** Auto Build of configuration Debug for project eth_with_dma_fft_xadc ****
make all 
Building file: ../src/streaming.c
Invoking: MicroBlaze gcc compiler
mb-gcc -Wall -O0 -g3 -c -fmessage-length=0 -MT"src/streaming.o" -I../../eth_with_dma_fft_xadc_bsp/microblaze_0/include -mlittle-endian -mcpu=v10.0 -mxl-soft-mul -Wl,--no-relax -ffunction-sections -fdata-sections -MMD -MP -MF"src/streaming.d" -MT"src/streaming.o" -o "src/streaming.o" "../src/streaming.c"
../src/streaming.c:3:23: fatal error: streaming.h: No such file or directory
src/subdir.mk:57: recipe for target 'src/streaming.o' failed
 #include "streaming.h"
                       ^
compilation terminated.
make: *** [src/streaming.o] Error 1
20:30:13 **** Auto Build of configuration Debug for project eth_with_dma_fft_xadc ****
make all 
Building file: ../src/streaming.c
Invoking: MicroBlaze gcc compiler
mb-gcc -Wall -O0 -g3 -c -fmessage-length=0 -MT"src/streaming.o" -I../../eth_with_dma_fft_xadc_bsp/microblaze_0/include -mlittle-endian -mcpu=v10.0 -mxl-soft-mul -Wl,--no-relax -ffunction-sections -fdata-sections -MMD -MP -MF"src/streaming.d" -MT"src/streaming.o" -o "src/streaming.o" "../src/streaming.c"
../src/streaming.c:5:70: error: unknown type name 'start_song'
 struct tcp_pcb * start_song_stream(struct ip_addr* ipaddr, int port, start_song* start_args)
                                                                      ^~~~~~~~~~
../src/streaming.c:10:68: error: unknown type name 'stream_song'
 struct tcp_pcb *next_song_stream(struct ip_addr* ipaddr, int port, stream_song* song)
                                                                    ^~~~~~~~~~~
../src/streaming.c:18:72: error: unknown type name 'err_t'
src/subdir.mk:57: recipe for target 'src/streaming.o' failed
 void next_recv_beta(void* _song, struct tcp_pcb* tpcb, struct pbuf* p, err_t err)
                                                                        ^~~~~
../src/streaming.c:80:85: error: unknown type name 'tcp_connected_fn'
 struct tcp_pcb * establish_connection(struct ip_addr* ipaddr, int port, void* args, tcp_connected_fn connected)
                                                                                     ^~~~~~~~~~~~~~~~
../src/streaming.c:98:78: error: unknown type name 'err_t'
 void start_song_ack(void* _start_args, struct tcp_pcb* tpcb, struct pbuf* p, err_t err)
                                                                              ^~~~~
../src/streaming.c:115:69: error: unknown type name 'err_t'
 void start_song_callback(void* _start_args, struct tcp_pcb *newpcb, err_t err)
                                                                     ^~~~~
../src/streaming.c: In function 'next_request':
../src/streaming.c:148:15: error: 'NEXT' undeclared (first use in this function)
  message[0] = NEXT;
               ^~~~
../src/streaming.c:148:15: note: each undeclared identifier is reported only once for each function it appears in
../src/streaming.c:151:2: warning: implicit declaration of function 'tcp_write' [-Wimplicit-function-declaration]
  tcp_write(newpcb, (void *)message, SZ, TCP_WRITE_FLAG_COPY);
  ^~~~~~~~~
../src/streaming.c:151:41: error: 'TCP_WRITE_FLAG_COPY' undeclared (first use in this function)
  tcp_write(newpcb, (void *)message, SZ, TCP_WRITE_FLAG_COPY);
                                         ^~~~~~~~~~~~~~~~~~~
../src/streaming.c:152:2: warning: implicit declaration of function 'tcp_output' [-Wimplicit-function-declaration]
  tcp_output(newpcb);
  ^~~~~~~~~~
../src/streaming.c: At top level:
../src/streaming.c:155:70: error: unknown type name 'err_t'
 void next_frame_connected(void* _start_args, struct tcp_pcb *newpcb, err_t err)
                                                                      ^~~~~
../src/streaming.c:162:16: error: unknown type name 'stream_song'
 void init_song(stream_song* song, int num_frames)
                ^~~~~~~~~~~
../src/streaming.c:17:12: warning: 'count' defined but not used [-Wunused-variable]
 static int count = 0;
            ^~~~~
make: *** [src/streaming.o] Error 1
20:30:18 **** Auto Build of configuration Debug for project eth_with_dma_fft_xadc ****
make all 
Building file: ../src/streaming.c
Invoking: MicroBlaze gcc compiler
mb-gcc -Wall -O0 -g3 -c -fmessage-length=0 -MT"src/streaming.o" -I../../eth_with_dma_fft_xadc_bsp/microblaze_0/include -mlittle-endian -mcpu=v10.0 -mxl-soft-mul -Wl,--no-relax -ffunction-sections -fdata-sections -MMD -MP -MF"src/streaming.d" -MT"src/streaming.o" -o "src/streaming.o" "../src/streaming.c"
../src/streaming.c: In function 'start_song_stream':
../src/streaming.c:7:63: warning: passing argument 4 of 'establish_connection' from incompatible pointer type [-Wincompatible-pointer-types]
  return establish_connection(ipaddr, port, (void*)start_args, start_song_callback);
                                                               ^~~~~~~~~~~~~~~~~~~
In file included from ../src/streaming.c:3:0:
../src/streaming.h:65:18: note: expected 'tcp_connected_fn {aka signed char (*)(void *, struct tcp_pcb *, signed char)}' but argument is of type 'void (*)(void *, struct tcp_pcb *, err_t) {aka void (*)(void *, struct tcp_pcb *, signed char)}'
 struct tcp_pcb * establish_connection(struct ip_addr* ipaddr, int port, void* args, tcp_connected_fn connected);
                  ^~~~~~~~~~~~~~~~~~~~
../src/streaming.c: In function 'next_song_stream':
../src/streaming.c:12:72: warning: passing argument 4 of 'establish_connection' from incompatible pointer type [-Wincompatible-pointer-types]
  struct tcp_pcb* pcb = establish_connection(ipaddr, port, (void*)song, next_frame_connected);
                                                                        ^~~~~~~~~~~~~~~~~~~~
In file included from ../src/streaming.c:3:0:
../src/streaming.h:65:18: note: expected 'tcp_connected_fn {aka signed char (*)(void *, struct tcp_pcb *, signed char)}' but argument is of type 'void (*)(void *, struct tcp_pcb *, err_t) {aka void (*)(void *, struct tcp_pcb *, signed char)}'
 struct tcp_pcb * establish_connection(struct ip_addr* ipaddr, int port, void* args, tcp_connected_fn connected);
                  ^~~~~~~~~~~~~~~~~~~~
../src/streaming.c:14:16: warning: passing argument 2 of 'tcp_recv' from incompatible pointer type [-Wincompatible-pointer-types]
  tcp_recv(pcb, next_recv_beta);
                ^~~~~~~~~~~~~~
In file included from ../src/streaming.h:12:0,
                 from ../src/streaming.c:3:
../../eth_with_dma_fft_xadc_bsp/microblaze_0/include/lwip/tcp.h:320:18: note: expected 'tcp_recv_fn {aka signed char (*)(void *, struct tcp_pcb *, struct pbuf *, signed char)}' but argument is of type 'void (*)(void *, struct tcp_pcb *, struct pbuf *, err_t) {aka void (*)(void *, struct tcp_pcb *, struct pbuf *, signed char)}'
 void             tcp_recv    (struct tcp_pcb *pcb, tcp_recv_fn recv);
                  ^~~~~~~~
../src/streaming.c: In function 'start_song_callback':
../src/streaming.c:122:19: warning: passing argument 2 of 'tcp_recv' from incompatible pointer type [-Wincompatible-pointer-types]
  tcp_recv(newpcb, start_song_ack);
                   ^~~~~~~~~~~~~~
In file included from ../src/streaming.h:12:0,
                 from ../src/streaming.c:3:
../../eth_with_dma_fft_xadc_bsp/microblaze_0/include/lwip/tcp.h:320:18: note: expected 'tcp_recv_fn {aka signed char (*)(void *, struct tcp_pcb *, struct pbuf *, signed char)}' but argument is of type 'void (*)(void *, struct tcp_pcb *, struct pbuf *, err_t) {aka void (*)(void *, struct tcp_pcb *, struct pbuf *, signed char)}'
 void             tcp_recv    (struct tcp_pcb *pcb, tcp_recv_fn recv);
                  ^~~~~~~~
Finished building: ../src/streaming.c
 
Building target: eth_with_dma_fft_xadc.elf
Invoking: MicroBlaze gcc linker
mb-gcc -Wl,-T -Wl,../src/lscript.ld -L../../eth_with_dma_fft_xadc_bsp/microblaze_0/lib -mlittle-endian -mcpu=v10.0 -mxl-soft-mul -Wl,--no-relax -Wl,--gc-sections -o "eth_with_dma_fft_xadc.elf"  ./src/dma.o ./src/echo.o ./src/i2c_access.o ./src/iic_phyreset.o ./src/main.o ./src/platform.o ./src/platform_mb.o ./src/platform_ppc.o ./src/platform_zynq.o ./src/platform_zynqmp.o ./src/sfp.o ./src/si5324.o ./src/streaming.o   -Wl,--start-group,-lxil,-lgcc,-lc,--end-group -Wl,--start-group,-lxil,-llwip4,-lgcc,-lc,--end-group
Finished building target: eth_with_dma_fft_xadc.elf
 
Invoking: MicroBlaze Print Size
mb-size eth_with_dma_fft_xadc.elf  |tee "eth_with_dma_fft_xadc.elf.size"
   text	   data	    bss	    dec	    hex	filename
 108028	   1428	 750672	 860128	  d1fe0	eth_with_dma_fft_xadc.elf
Finished building: eth_with_dma_fft_xadc.elf.size
 
20:30:30 **** Auto Build of configuration Debug for project eth_with_dma_fft_xadc ****
make all 
Building file: ../src/main.c
Invoking: MicroBlaze gcc compiler
mb-gcc -Wall -O0 -g3 -c -fmessage-length=0 -MT"src/main.o" -I../../eth_with_dma_fft_xadc_bsp/microblaze_0/include -mlittle-endian -mcpu=v10.0 -mxl-soft-mul -Wl,--no-relax -ffunction-sections -fdata-sections -MMD -MP -MF"src/main.d" -MT"src/main.o" -o "src/main.o" "../src/main.c"
../src/main.c:42:21: fatal error: xgpio_l.h: No such file or directory
src/subdir.mk:57: recipe for target 'src/main.o' failed
 #include "xgpio_l.h"
                     ^
compilation terminated.
make: *** [src/main.o] Error 1
20:30:40 **** Auto Build of configuration Debug for project eth_with_dma_fft_xadc ****
make all 
Building file: ../src/main.c
Invoking: MicroBlaze gcc compiler
mb-gcc -Wall -O0 -g3 -c -fmessage-length=0 -MT"src/main.o" -I../../eth_with_dma_fft_xadc_bsp/microblaze_0/include -mlittle-endian -mcpu=v10.0 -mxl-soft-mul -Wl,--no-relax -ffunction-sections -fdata-sections -MMD -MP -MF"src/main.d" -MT"src/main.o" -o "src/main.o" "../src/main.c"
../src/main.c: In function 'init_leds':
../src/main.c:101:2: warning: implicit declaration of function 'XGpio_WriteReg' [-Wimplicit-function-declaration]
  XGpio_WriteReg((GPIO_BASE_ADDR),0 +
  ^~~~~~~~~~~~~~
../src/main.c:101:18: error: 'GPIO_BASE_ADDR' undeclared (first use in this function)
  XGpio_WriteReg((GPIO_BASE_ADDR),0 +
                  ^~~~~~~~~~~~~~
../src/main.c:101:18: note: each undeclared identifier is reported only once for each function it appears in
../src/main.c:102:4: error: 'XGPIO_TRI_OFFSET' undeclared (first use in this function)
    XGPIO_TRI_OFFSET, (~LED));
    ^~~~~~~~~~~~~~~~
../src/main.c:102:24: error: 'LED' undeclared (first use in this function)
    XGPIO_TRI_OFFSET, (~LED));
                        ^~~
../src/main.c: In function 'get_led_data':
../src/main.c:106:13: warning: implicit declaration of function 'XGpio_ReadReg' [-Wimplicit-function-declaration]
  u32 Data = XGpio_ReadReg(GPIO_BASE_ADDR,
             ^~~~~~~~~~~~~
../src/main.c:106:27: error: 'GPIO_BASE_ADDR' undeclared (first use in this function)
  u32 Data = XGpio_ReadReg(GPIO_BASE_ADDR,
                           ^~~~~~~~~~~~~~
../src/main.c:107:6: error: 'XGPIO_DATA_OFFSET' undeclared (first use in this function)
      XGPIO_DATA_OFFSET);
      ^~~~~~~~~~~~~~~~~
src/subdir.mk:57: recipe for target 'src/main.o' failed
../src/main.c: In function 'update_led_data':
../src/main.c:112:18: error: 'GPIO_BASE_ADDR' undeclared (first use in this function)
  XGpio_WriteReg((GPIO_BASE_ADDR),
                  ^~~~~~~~~~~~~~
../src/main.c:113:3: error: 'XGPIO_DATA_OFFSET' undeclared (first use in this function)
   XGPIO_DATA_OFFSET, data & to_write); // turn off anything that needs to be off
   ^~~~~~~~~~~~~~~~~
../src/main.c: In function 'main':
../src/main.c:350:15: error: 'CORR_VALID' undeclared (first use in this function)
   if (*((u32*)CORR_VALID)) {
               ^~~~~~~~~~
../src/main.c:351:25: error: 'CORR_VALUE' undeclared (first use in this function)
    corr_value = *((u32*)CORR_VALUE);
                         ^~~~~~~~~~
../src/main.c:286:6: warning: unused variable 'fetching_frame' [-Wunused-variable]
  int fetching_frame = 0;
      ^~~~~~~~~~~~~~
../src/main.c:284:6: warning: unused variable 'song_finished' [-Wunused-variable]
  int song_finished = 0;
      ^~~~~~~~~~~~~
../src/main.c:265:25: warning: variable 'args_get' set but not used [-Wunused-but-set-variable]
  volatile unsigned int *args_get[2];
                         ^~~~~~~~
../src/main.c:259:16: warning: unused variable 'args' [-Wunused-variable]
  unsigned char args[4];
                ^~~~
make: *** [src/main.o] Error 1
20:30:45 **** Auto Build of configuration Debug for project eth_with_dma_fft_xadc ****
make all 
Building file: ../src/main.c
Invoking: MicroBlaze gcc compiler
mb-gcc -Wall -O0 -g3 -c -fmessage-length=0 -MT"src/main.o" -I../../eth_with_dma_fft_xadc_bsp/microblaze_0/include -mlittle-endian -mcpu=v10.0 -mxl-soft-mul -Wl,--no-relax -ffunction-sections -fdata-sections -MMD -MP -MF"src/main.d" -MT"src/main.o" -o "src/main.o" "../src/main.c"
../src/main.c: In function 'main':
../src/main.c:221:2: warning: implicit declaration of function 'init_leds' [-Wimplicit-function-declaration]
  init_leds();
  ^~~~~~~~~
../src/main.c:223:17: warning: implicit declaration of function 'get_led_data' [-Wimplicit-function-declaration]
  u32 led_data = get_led_data();
                 ^~~~~~~~~~~~
../src/main.c:224:2: warning: implicit declaration of function 'update_led_data' [-Wimplicit-function-declaration]
  update_led_data(0xFFFF, led_data);
  ^~~~~~~~~~~~~~~
../src/main.c:351:15: error: 'CORR_VALID' undeclared (first use in this function)
   if (*((u32*)CORR_VALID)) {
               ^~~~~~~~~~
../src/main.c:351:15: note: each undeclared identifier is reported only once for each function it appears in
../src/main.c:352:25: error: 'CORR_VALUE' undeclared (first use in this function)
    corr_value = *((u32*)CORR_VALUE);
                         ^~~~~~~~~~
../src/main.c:287:6: warning: unused variable 'fetching_frame' [-Wunused-variable]
  int fetching_frame = 0;
      ^~~~~~~~~~~~~~
../src/main.c:285:6: warning: unused variable 'song_finished' [-Wunused-variable]
  int song_finished = 0;
      ^~~~~~~~~~~~~
../src/main.c:266:25: warning: variable 'args_get' set but not used [-Wunused-but-set-variable]
  volatile unsigned int *args_get[2];
                         ^~~~~~~~
../src/main.c:260:16: warning: unused variable 'args' [-Wunused-variable]
  unsigned char args[4];
                ^~~~
src/subdir.mk:57: recipe for target 'src/main.o' failed
make: *** [src/main.o] Error 1
20:31:02 **** Auto Build of configuration Debug for project eth_with_dma_fft_xadc ****
make all 
Building file: ../src/main.c
Invoking: MicroBlaze gcc compiler
mb-gcc -Wall -O0 -g3 -c -fmessage-length=0 -MT"src/main.o" -I../../eth_with_dma_fft_xadc_bsp/microblaze_0/include -mlittle-endian -mcpu=v10.0 -mxl-soft-mul -Wl,--no-relax -ffunction-sections -fdata-sections -MMD -MP -MF"src/main.d" -MT"src/main.o" -o "src/main.o" "../src/main.c"
../src/main.c: In function 'main':
../src/main.c:221:2: warning: implicit declaration of function 'init_leds' [-Wimplicit-function-declaration]
  init_leds();
  ^~~~~~~~~
../src/main.c:223:17: warning: implicit declaration of function 'get_led_data' [-Wimplicit-function-declaration]
  u32 led_data = get_led_data();
                 ^~~~~~~~~~~~
../src/main.c:224:2: warning: implicit declaration of function 'update_led_data' [-Wimplicit-function-declaration]
  update_led_data(0xFFFF, led_data);
  ^~~~~~~~~~~~~~~
../src/main.c:287:6: warning: unused variable 'fetching_frame' [-Wunused-variable]
  int fetching_frame = 0;
      ^~~~~~~~~~~~~~
../src/main.c:285:6: warning: unused variable 'song_finished' [-Wunused-variable]
  int song_finished = 0;
      ^~~~~~~~~~~~~
../src/main.c:266:25: warning: variable 'args_get' set but not used [-Wunused-but-set-variable]
  volatile unsigned int *args_get[2];
                         ^~~~~~~~
../src/main.c:260:16: warning: unused variable 'args' [-Wunused-variable]
  unsigned char args[4];
                ^~~~
Finished building: ../src/main.c
 
Building target: eth_with_dma_fft_xadc.elf
Invoking: MicroBlaze gcc linker
mb-gcc -Wl,-T -Wl,../src/lscript.ld -L../../eth_with_dma_fft_xadc_bsp/microblaze_0/lib -mlittle-endian -mcpu=v10.0 -mxl-soft-mul -Wl,--no-relax -Wl,--gc-sections -o "eth_with_dma_fft_xadc.elf"  ./src/dma.o ./src/echo.o ./src/i2c_access.o ./src/iic_phyreset.o ./src/main.o ./src/platform.o ./src/platform_mb.o ./src/platform_ppc.o ./src/platform_zynq.o ./src/platform_zynqmp.o ./src/sfp.o ./src/si5324.o ./src/streaming.o   -Wl,--start-group,-lxil,-lgcc,-lc,--end-group -Wl,--start-group,-lxil,-llwip4,-lgcc,-lc,--end-group
./src/main.o: In function `main':
/nfs/ug/homes-1/t/tramblei/vivaldo_fresh_eth_xadc_fft_dma_corr/vivaldo_fresh_eth_xadc_fft_dma_corr.sdk/eth_with_dma_fft_xadc/Debug/../src/main.c:221: undefined reference to `init_leds'
makefile:36: recipe for target 'eth_with_dma_fft_xadc.elf' failed
/nfs/ug/homes-1/t/tramblei/vivaldo_fresh_eth_xadc_fft_dma_corr/vivaldo_fresh_eth_xadc_fft_dma_corr.sdk/eth_with_dma_fft_xadc/Debug/../src/main.c:223: undefined reference to `get_led_data'
/nfs/ug/homes-1/t/tramblei/vivaldo_fresh_eth_xadc_fft_dma_corr/vivaldo_fresh_eth_xadc_fft_dma_corr.sdk/eth_with_dma_fft_xadc/Debug/../src/main.c:224: undefined reference to `update_led_data'
/nfs/ug/homes-1/t/tramblei/vivaldo_fresh_eth_xadc_fft_dma_corr/vivaldo_fresh_eth_xadc_fft_dma_corr.sdk/eth_with_dma_fft_xadc/Debug/../src/main.c:225: undefined reference to `update_led_data'
collect2: error: ld returned 1 exit status
make: *** [eth_with_dma_fft_xadc.elf] Error 1
20:31:11 **** Auto Build of configuration Debug for project eth_with_dma_fft_xadc ****
make all 
Building file: ../src/main.c
Invoking: MicroBlaze gcc compiler
mb-gcc -Wall -O0 -g3 -c -fmessage-length=0 -MT"src/main.o" -I../../eth_with_dma_fft_xadc_bsp/microblaze_0/include -mlittle-endian -mcpu=v10.0 -mxl-soft-mul -Wl,--no-relax -ffunction-sections -fdata-sections -MMD -MP -MF"src/main.d" -MT"src/main.o" -o "src/main.o" "../src/main.c"
../src/main.c: In function 'main':
../src/main.c:288:6: warning: unused variable 'fetching_frame' [-Wunused-variable]
  int fetching_frame = 0;
      ^~~~~~~~~~~~~~
../src/main.c:286:6: warning: unused variable 'song_finished' [-Wunused-variable]
  int song_finished = 0;
      ^~~~~~~~~~~~~
../src/main.c:267:25: warning: variable 'args_get' set but not used [-Wunused-but-set-variable]
  volatile unsigned int *args_get[2];
                         ^~~~~~~~
../src/main.c:261:16: warning: unused variable 'args' [-Wunused-variable]
  unsigned char args[4];
                ^~~~
Finished building: ../src/main.c
 
Building target: eth_with_dma_fft_xadc.elf
Invoking: MicroBlaze gcc linker
mb-gcc -Wl,-T -Wl,../src/lscript.ld -L../../eth_with_dma_fft_xadc_bsp/microblaze_0/lib -mlittle-endian -mcpu=v10.0 -mxl-soft-mul -Wl,--no-relax -Wl,--gc-sections -o "eth_with_dma_fft_xadc.elf"  ./src/dma.o ./src/echo.o ./src/i2c_access.o ./src/iic_phyreset.o ./src/main.o ./src/platform.o ./src/platform_mb.o ./src/platform_ppc.o ./src/platform_zynq.o ./src/platform_zynqmp.o ./src/sfp.o ./src/si5324.o ./src/streaming.o   -Wl,--start-group,-lxil,-lgcc,-lc,--end-group -Wl,--start-group,-lxil,-llwip4,-lgcc,-lc,--end-group
Finished building target: eth_with_dma_fft_xadc.elf
 
Invoking: MicroBlaze Print Size
mb-size eth_with_dma_fft_xadc.elf  |tee "eth_with_dma_fft_xadc.elf.size"
   text	   data	    bss	    dec	    hex	filename
 109148	   1456	 750604	 861208	  d2418	eth_with_dma_fft_xadc.elf
Finished building: eth_with_dma_fft_xadc.elf.size
 
20:31:38 **** Auto Build of configuration Debug for project eth_with_dma_fft_xadc ****
make all 
Building file: ../src/dma.c
Invoking: MicroBlaze gcc compiler
mb-gcc -Wall -O0 -g3 -c -fmessage-length=0 -MT"src/dma.o" -I../../eth_with_dma_fft_xadc_bsp/microblaze_0/include -mlittle-endian -mcpu=v10.0 -mxl-soft-mul -Wl,--no-relax -ffunction-sections -fdata-sections -MMD -MP -MF"src/dma.d" -MT"src/dma.o" -o "src/dma.o" "../src/dma.c"
../src/dma.c:2:1: warning: "/*" within comment [-Wcomment]
 /*
  
Finished building: ../src/dma.c
 
Building target: eth_with_dma_fft_xadc.elf
Invoking: MicroBlaze gcc linker
mb-gcc -Wl,-T -Wl,../src/lscript.ld -L../../eth_with_dma_fft_xadc_bsp/microblaze_0/lib -mlittle-endian -mcpu=v10.0 -mxl-soft-mul -Wl,--no-relax -Wl,--gc-sections -o "eth_with_dma_fft_xadc.elf"  ./src/dma.o ./src/echo.o ./src/i2c_access.o ./src/iic_phyreset.o ./src/main.o ./src/platform.o ./src/platform_mb.o ./src/platform_ppc.o ./src/platform_zynq.o ./src/platform_zynqmp.o ./src/sfp.o ./src/si5324.o ./src/streaming.o   -Wl,--start-group,-lxil,-lgcc,-lc,--end-group -Wl,--start-group,-lxil,-llwip4,-lgcc,-lc,--end-group
Finished building target: eth_with_dma_fft_xadc.elf
 
Invoking: MicroBlaze Print Size
mb-size eth_with_dma_fft_xadc.elf  |tee "eth_with_dma_fft_xadc.elf.size"
   text	   data	    bss	    dec	    hex	filename
 109164	   1456	 750604	 861224	  d2428	eth_with_dma_fft_xadc.elf
Finished building: eth_with_dma_fft_xadc.elf.size
 
20:31:54 **** Auto Build of configuration Debug for project eth_with_dma_fft_xadc ****
make all 
Building file: ../src/dma.c
Invoking: MicroBlaze gcc compiler
mb-gcc -Wall -O0 -g3 -c -fmessage-length=0 -MT"src/dma.o" -I../../eth_with_dma_fft_xadc_bsp/microblaze_0/include -mlittle-endian -mcpu=v10.0 -mxl-soft-mul -Wl,--no-relax -ffunction-sections -fdata-sections -MMD -MP -MF"src/dma.d" -MT"src/dma.o" -o "src/dma.o" "../src/dma.c"
../src/dma.c:2:1: warning: "/*" within comment [-Wcomment]
 /*
  
../src/dma.c:65:6: error: redefinition of 'dma_mm2s'
 void dma_mm2s(void *baseaddr, u32 len) {
      ^~~~~~~~
../src/dma.c:57:6: note: previous definition of 'dma_mm2s' was here
 void dma_mm2s(void *baseaddr, u32 len) {
      ^~~~~~~~
make: *** [src/dma.o] Error 1
src/subdir.mk:57: recipe for target 'src/dma.o' failed
20:31:58 **** Auto Build of configuration Debug for project eth_with_dma_fft_xadc ****
make all 
Building file: ../src/dma.c
Invoking: MicroBlaze gcc compiler
mb-gcc -Wall -O0 -g3 -c -fmessage-length=0 -MT"src/dma.o" -I../../eth_with_dma_fft_xadc_bsp/microblaze_0/include -mlittle-endian -mcpu=v10.0 -mxl-soft-mul -Wl,--no-relax -ffunction-sections -fdata-sections -MMD -MP -MF"src/dma.d" -MT"src/dma.o" -o "src/dma.o" "../src/dma.c"
../src/dma.c:2:1: warning: "/*" within comment [-Wcomment]
 /*
  
Finished building: ../src/dma.c
 
Building target: eth_with_dma_fft_xadc.elf
Invoking: MicroBlaze gcc linker
mb-gcc -Wl,-T -Wl,../src/lscript.ld -L../../eth_with_dma_fft_xadc_bsp/microblaze_0/lib -mlittle-endian -mcpu=v10.0 -mxl-soft-mul -Wl,--no-relax -Wl,--gc-sections -o "eth_with_dma_fft_xadc.elf"  ./src/dma.o ./src/echo.o ./src/i2c_access.o ./src/iic_phyreset.o ./src/main.o ./src/platform.o ./src/platform_mb.o ./src/platform_ppc.o ./src/platform_zynq.o ./src/platform_zynqmp.o ./src/sfp.o ./src/si5324.o ./src/streaming.o   -Wl,--start-group,-lxil,-lgcc,-lc,--end-group -Wl,--start-group,-lxil,-llwip4,-lgcc,-lc,--end-group
Finished building target: eth_with_dma_fft_xadc.elf
 
Invoking: MicroBlaze Print Size
mb-size eth_with_dma_fft_xadc.elf  |tee "eth_with_dma_fft_xadc.elf.size"
   text	   data	    bss	    dec	    hex	filename
 109164	   1456	 750604	 861224	  d2428	eth_with_dma_fft_xadc.elf
Finished building: eth_with_dma_fft_xadc.elf.size
 
20:32:09 **** Auto Build of configuration Debug for project eth_with_dma_fft_xadc ****
make all 
Building file: ../src/dma.c
Invoking: MicroBlaze gcc compiler
mb-gcc -Wall -O0 -g3 -c -fmessage-length=0 -MT"src/dma.o" -I../../eth_with_dma_fft_xadc_bsp/microblaze_0/include -mlittle-endian -mcpu=v10.0 -mxl-soft-mul -Wl,--no-relax -ffunction-sections -fdata-sections -MMD -MP -MF"src/dma.d" -MT"src/dma.o" -o "src/dma.o" "../src/dma.c"
../src/dma.c:2:1: warning: "/*" within comment [-Wcomment]
 /*
  
Finished building: ../src/dma.c
 
Building file: ../src/main.c
Invoking: MicroBlaze gcc compiler
mb-gcc -Wall -O0 -g3 -c -fmessage-length=0 -MT"src/main.o" -I../../eth_with_dma_fft_xadc_bsp/microblaze_0/include -mlittle-endian -mcpu=v10.0 -mxl-soft-mul -Wl,--no-relax -ffunction-sections -fdata-sections -MMD -MP -MF"src/main.d" -MT"src/main.o" -o "src/main.o" "../src/main.c"
../src/main.c: In function 'main':
../src/main.c:288:6: warning: unused variable 'fetching_frame' [-Wunused-variable]
  int fetching_frame = 0;
      ^~~~~~~~~~~~~~
../src/main.c:286:6: warning: unused variable 'song_finished' [-Wunused-variable]
  int song_finished = 0;
      ^~~~~~~~~~~~~
../src/main.c:267:25: warning: variable 'args_get' set but not used [-Wunused-but-set-variable]
  volatile unsigned int *args_get[2];
                         ^~~~~~~~
../src/main.c:261:16: warning: unused variable 'args' [-Wunused-variable]
  unsigned char args[4];
                ^~~~
Finished building: ../src/main.c
 
Building target: eth_with_dma_fft_xadc.elf
Invoking: MicroBlaze gcc linker
mb-gcc -Wl,-T -Wl,../src/lscript.ld -L../../eth_with_dma_fft_xadc_bsp/microblaze_0/lib -mlittle-endian -mcpu=v10.0 -mxl-soft-mul -Wl,--no-relax -Wl,--gc-sections -o "eth_with_dma_fft_xadc.elf"  ./src/dma.o ./src/echo.o ./src/i2c_access.o ./src/iic_phyreset.o ./src/main.o ./src/platform.o ./src/platform_mb.o ./src/platform_ppc.o ./src/platform_zynq.o ./src/platform_zynqmp.o ./src/sfp.o ./src/si5324.o ./src/streaming.o   -Wl,--start-group,-lxil,-lgcc,-lc,--end-group -Wl,--start-group,-lxil,-llwip4,-lgcc,-lc,--end-group
Finished building target: eth_with_dma_fft_xadc.elf
 
Invoking: MicroBlaze Print Size
mb-size eth_with_dma_fft_xadc.elf  |tee "eth_with_dma_fft_xadc.elf.size"
   text	   data	    bss	    dec	    hex	filename
 109164	   1456	 750604	 861224	  d2428	eth_with_dma_fft_xadc.elf
Finished building: eth_with_dma_fft_xadc.elf.size
 
20:33:01 **** Auto Build of configuration Debug for project eth_with_dma_fft_xadc ****
make all 
Building file: ../src/dma.c
Invoking: MicroBlaze gcc compiler
mb-gcc -Wall -O0 -g3 -c -fmessage-length=0 -MT"src/dma.o" -I../../eth_with_dma_fft_xadc_bsp/microblaze_0/include -mlittle-endian -mcpu=v10.0 -mxl-soft-mul -Wl,--no-relax -ffunction-sections -fdata-sections -MMD -MP -MF"src/dma.d" -MT"src/dma.o" -o "src/dma.o" "../src/dma.c"
../src/dma.c:2:1: warning: "/*" within comment [-Wcomment]
 /*
  
Finished building: ../src/dma.c
 
Building target: eth_with_dma_fft_xadc.elf
Invoking: MicroBlaze gcc linker
mb-gcc -Wl,-T -Wl,../src/lscript.ld -L../../eth_with_dma_fft_xadc_bsp/microblaze_0/lib -mlittle-endian -mcpu=v10.0 -mxl-soft-mul -Wl,--no-relax -Wl,--gc-sections -o "eth_with_dma_fft_xadc.elf"  ./src/dma.o ./src/echo.o ./src/i2c_access.o ./src/iic_phyreset.o ./src/main.o ./src/platform.o ./src/platform_mb.o ./src/platform_ppc.o ./src/platform_zynq.o ./src/platform_zynqmp.o ./src/sfp.o ./src/si5324.o ./src/streaming.o   -Wl,--start-group,-lxil,-lgcc,-lc,--end-group -Wl,--start-group,-lxil,-llwip4,-lgcc,-lc,--end-group
Finished building target: eth_with_dma_fft_xadc.elf
 
Invoking: MicroBlaze Print Size
mb-size eth_with_dma_fft_xadc.elf  |tee "eth_with_dma_fft_xadc.elf.size"
   text	   data	    bss	    dec	    hex	filename
 109208	   1456	 750600	 861264	  d2450	eth_with_dma_fft_xadc.elf
Finished building: eth_with_dma_fft_xadc.elf.size
 
20:33:17 **** Auto Build of configuration Debug for project eth_with_dma_fft_xadc ****
make all 
Building file: ../src/dma.c
Invoking: MicroBlaze gcc compiler
mb-gcc -Wall -O0 -g3 -c -fmessage-length=0 -MT"src/dma.o" -I../../eth_with_dma_fft_xadc_bsp/microblaze_0/include -mlittle-endian -mcpu=v10.0 -mxl-soft-mul -Wl,--no-relax -ffunction-sections -fdata-sections -MMD -MP -MF"src/dma.d" -MT"src/dma.o" -o "src/dma.o" "../src/dma.c"
../src/dma.c:2:1: warning: "/*" within comment [-Wcomment]
 /*
  
Finished building: ../src/dma.c
 
Building target: eth_with_dma_fft_xadc.elf
Invoking: MicroBlaze gcc linker
mb-gcc -Wl,-T -Wl,../src/lscript.ld -L../../eth_with_dma_fft_xadc_bsp/microblaze_0/lib -mlittle-endian -mcpu=v10.0 -mxl-soft-mul -Wl,--no-relax -Wl,--gc-sections -o "eth_with_dma_fft_xadc.elf"  ./src/dma.o ./src/echo.o ./src/i2c_access.o ./src/iic_phyreset.o ./src/main.o ./src/platform.o ./src/platform_mb.o ./src/platform_ppc.o ./src/platform_zynq.o ./src/platform_zynqmp.o ./src/sfp.o ./src/si5324.o ./src/streaming.o   -Wl,--start-group,-lxil,-lgcc,-lc,--end-group -Wl,--start-group,-lxil,-llwip4,-lgcc,-lc,--end-group
Finished building target: eth_with_dma_fft_xadc.elf
 
Invoking: MicroBlaze Print Size
mb-size eth_with_dma_fft_xadc.elf  |tee "eth_with_dma_fft_xadc.elf.size"
   text	   data	    bss	    dec	    hex	filename
 109208	   1456	 750600	 861264	  d2450	eth_with_dma_fft_xadc.elf
Finished building: eth_with_dma_fft_xadc.elf.size
 
20:33:43 **** Clean-only build of configuration Debug for project eth_with_dma_fft_xadc ****
make clean 
rm -rf  ./src/dma.o ./src/echo.o ./src/i2c_access.o ./src/iic_phyreset.o ./src/main.o ./src/platform.o ./src/platform_mb.o ./src/platform_ppc.o ./src/platform_zynq.o ./src/platform_zynqmp.o ./src/sfp.o ./src/si5324.o ./src/streaming.o  ./src/dma.d ./src/echo.d ./src/i2c_access.d ./src/iic_phyreset.d ./src/main.d ./src/platform.d ./src/platform_mb.d ./src/platform_ppc.d ./src/platform_zynq.d ./src/platform_zynqmp.d ./src/sfp.d ./src/si5324.d ./src/streaming.d  eth_with_dma_fft_xadc.elf.size  eth_with_dma_fft_xadc.elf
 
20:33:43 **** Auto Build of configuration Debug for project eth_with_dma_fft_xadc ****
make all 
Building file: ../src/dma.c
Invoking: MicroBlaze gcc compiler
mb-gcc -Wall -O0 -g3 -c -fmessage-length=0 -MT"src/dma.o" -I../../eth_with_dma_fft_xadc_bsp/microblaze_0/include -mlittle-endian -mcpu=v10.0 -mxl-soft-mul -Wl,--no-relax -ffunction-sections -fdata-sections -MMD -MP -MF"src/dma.d" -MT"src/dma.o" -o "src/dma.o" "../src/dma.c"
../src/dma.c:2:1: warning: "/*" within comment [-Wcomment]
 /*
  
Finished building: ../src/dma.c
 
Building file: ../src/echo.c
Invoking: MicroBlaze gcc compiler
mb-gcc -Wall -O0 -g3 -c -fmessage-length=0 -MT"src/echo.o" -I../../eth_with_dma_fft_xadc_bsp/microblaze_0/include -mlittle-endian -mcpu=v10.0 -mxl-soft-mul -Wl,--no-relax -ffunction-sections -fdata-sections -MMD -MP -MF"src/echo.d" -MT"src/echo.o" -o "src/echo.o" "../src/echo.c"
Finished building: ../src/echo.c
 
Building file: ../src/i2c_access.c
Invoking: MicroBlaze gcc compiler
mb-gcc -Wall -O0 -g3 -c -fmessage-length=0 -MT"src/i2c_access.o" -I../../eth_with_dma_fft_xadc_bsp/microblaze_0/include -mlittle-endian -mcpu=v10.0 -mxl-soft-mul -Wl,--no-relax -ffunction-sections -fdata-sections -MMD -MP -MF"src/i2c_access.d" -MT"src/i2c_access.o" -o "src/i2c_access.o" "../src/i2c_access.c"
Finished building: ../src/i2c_access.c
 
Building file: ../src/iic_phyreset.c
Invoking: MicroBlaze gcc compiler
mb-gcc -Wall -O0 -g3 -c -fmessage-length=0 -MT"src/iic_phyreset.o" -I../../eth_with_dma_fft_xadc_bsp/microblaze_0/include -mlittle-endian -mcpu=v10.0 -mxl-soft-mul -Wl,--no-relax -ffunction-sections -fdata-sections -MMD -MP -MF"src/iic_phyreset.d" -MT"src/iic_phyreset.o" -o "src/iic_phyreset.o" "../src/iic_phyreset.c"
Finished building: ../src/iic_phyreset.c
 
Building file: ../src/main.c
Invoking: MicroBlaze gcc compiler
mb-gcc -Wall -O0 -g3 -c -fmessage-length=0 -MT"src/main.o" -I../../eth_with_dma_fft_xadc_bsp/microblaze_0/include -mlittle-endian -mcpu=v10.0 -mxl-soft-mul -Wl,--no-relax -ffunction-sections -fdata-sections -MMD -MP -MF"src/main.d" -MT"src/main.o" -o "src/main.o" "../src/main.c"
../src/main.c: In function 'main':
../src/main.c:288:6: warning: unused variable 'fetching_frame' [-Wunused-variable]
  int fetching_frame = 0;
      ^~~~~~~~~~~~~~
../src/main.c:286:6: warning: unused variable 'song_finished' [-Wunused-variable]
  int song_finished = 0;
      ^~~~~~~~~~~~~
../src/main.c:267:25: warning: variable 'args_get' set but not used [-Wunused-but-set-variable]
  volatile unsigned int *args_get[2];
                         ^~~~~~~~
../src/main.c:261:16: warning: unused variable 'args' [-Wunused-variable]
  unsigned char args[4];
                ^~~~
Finished building: ../src/main.c
 
Building file: ../src/platform.c
Invoking: MicroBlaze gcc compiler
mb-gcc -Wall -O0 -g3 -c -fmessage-length=0 -MT"src/platform.o" -I../../eth_with_dma_fft_xadc_bsp/microblaze_0/include -mlittle-endian -mcpu=v10.0 -mxl-soft-mul -Wl,--no-relax -ffunction-sections -fdata-sections -MMD -MP -MF"src/platform.d" -MT"src/platform.o" -o "src/platform.o" "../src/platform.c"
Finished building: ../src/platform.c
 
Building file: ../src/platform_mb.c
Invoking: MicroBlaze gcc compiler
mb-gcc -Wall -O0 -g3 -c -fmessage-length=0 -MT"src/platform_mb.o" -I../../eth_with_dma_fft_xadc_bsp/microblaze_0/include -mlittle-endian -mcpu=v10.0 -mxl-soft-mul -Wl,--no-relax -ffunction-sections -fdata-sections -MMD -MP -MF"src/platform_mb.d" -MT"src/platform_mb.o" -o "src/platform_mb.o" "../src/platform_mb.c"
Finished building: ../src/platform_mb.c
 
Building file: ../src/platform_ppc.c
Invoking: MicroBlaze gcc compiler
mb-gcc -Wall -O0 -g3 -c -fmessage-length=0 -MT"src/platform_ppc.o" -I../../eth_with_dma_fft_xadc_bsp/microblaze_0/include -mlittle-endian -mcpu=v10.0 -mxl-soft-mul -Wl,--no-relax -ffunction-sections -fdata-sections -MMD -MP -MF"src/platform_ppc.d" -MT"src/platform_ppc.o" -o "src/platform_ppc.o" "../src/platform_ppc.c"
Finished building: ../src/platform_ppc.c
 
Building file: ../src/platform_zynq.c
Invoking: MicroBlaze gcc compiler
mb-gcc -Wall -O0 -g3 -c -fmessage-length=0 -MT"src/platform_zynq.o" -I../../eth_with_dma_fft_xadc_bsp/microblaze_0/include -mlittle-endian -mcpu=v10.0 -mxl-soft-mul -Wl,--no-relax -ffunction-sections -fdata-sections -MMD -MP -MF"src/platform_zynq.d" -MT"src/platform_zynq.o" -o "src/platform_zynq.o" "../src/platform_zynq.c"
Finished building: ../src/platform_zynq.c
 
Building file: ../src/platform_zynqmp.c
Invoking: MicroBlaze gcc compiler
mb-gcc -Wall -O0 -g3 -c -fmessage-length=0 -MT"src/platform_zynqmp.o" -I../../eth_with_dma_fft_xadc_bsp/microblaze_0/include -mlittle-endian -mcpu=v10.0 -mxl-soft-mul -Wl,--no-relax -ffunction-sections -fdata-sections -MMD -MP -MF"src/platform_zynqmp.d" -MT"src/platform_zynqmp.o" -o "src/platform_zynqmp.o" "../src/platform_zynqmp.c"
Finished building: ../src/platform_zynqmp.c
 
Building file: ../src/sfp.c
Invoking: MicroBlaze gcc compiler
mb-gcc -Wall -O0 -g3 -c -fmessage-length=0 -MT"src/sfp.o" -I../../eth_with_dma_fft_xadc_bsp/microblaze_0/include -mlittle-endian -mcpu=v10.0 -mxl-soft-mul -Wl,--no-relax -ffunction-sections -fdata-sections -MMD -MP -MF"src/sfp.d" -MT"src/sfp.o" -o "src/sfp.o" "../src/sfp.c"
Finished building: ../src/sfp.c
 
Building file: ../src/si5324.c
Invoking: MicroBlaze gcc compiler
mb-gcc -Wall -O0 -g3 -c -fmessage-length=0 -MT"src/si5324.o" -I../../eth_with_dma_fft_xadc_bsp/microblaze_0/include -mlittle-endian -mcpu=v10.0 -mxl-soft-mul -Wl,--no-relax -ffunction-sections -fdata-sections -MMD -MP -MF"src/si5324.d" -MT"src/si5324.o" -o "src/si5324.o" "../src/si5324.c"
Finished building: ../src/si5324.c
 
Building file: ../src/streaming.c
Invoking: MicroBlaze gcc compiler
mb-gcc -Wall -O0 -g3 -c -fmessage-length=0 -MT"src/streaming.o" -I../../eth_with_dma_fft_xadc_bsp/microblaze_0/include -mlittle-endian -mcpu=v10.0 -mxl-soft-mul -Wl,--no-relax -ffunction-sections -fdata-sections -MMD -MP -MF"src/streaming.d" -MT"src/streaming.o" -o "src/streaming.o" "../src/streaming.c"
../src/streaming.c: In function 'start_song_stream':
../src/streaming.c:7:63: warning: passing argument 4 of 'establish_connection' from incompatible pointer type [-Wincompatible-pointer-types]
  return establish_connection(ipaddr, port, (void*)start_args, start_song_callback);
                                                               ^~~~~~~~~~~~~~~~~~~
In file included from ../src/streaming.c:3:0:
../src/streaming.h:65:18: note: expected 'tcp_connected_fn {aka signed char (*)(void *, struct tcp_pcb *, signed char)}' but argument is of type 'void (*)(void *, struct tcp_pcb *, err_t) {aka void (*)(void *, struct tcp_pcb *, signed char)}'
 struct tcp_pcb * establish_connection(struct ip_addr* ipaddr, int port, void* args, tcp_connected_fn connected);
                  ^~~~~~~~~~~~~~~~~~~~
../src/streaming.c: In function 'next_song_stream':
../src/streaming.c:12:72: warning: passing argument 4 of 'establish_connection' from incompatible pointer type [-Wincompatible-pointer-types]
  struct tcp_pcb* pcb = establish_connection(ipaddr, port, (void*)song, next_frame_connected);
                                                                        ^~~~~~~~~~~~~~~~~~~~
In file included from ../src/streaming.c:3:0:
../src/streaming.h:65:18: note: expected 'tcp_connected_fn {aka signed char (*)(void *, struct tcp_pcb *, signed char)}' but argument is of type 'void (*)(void *, struct tcp_pcb *, err_t) {aka void (*)(void *, struct tcp_pcb *, signed char)}'
 struct tcp_pcb * establish_connection(struct ip_addr* ipaddr, int port, void* args, tcp_connected_fn connected);
                  ^~~~~~~~~~~~~~~~~~~~
../src/streaming.c:14:16: warning: passing argument 2 of 'tcp_recv' from incompatible pointer type [-Wincompatible-pointer-types]
  tcp_recv(pcb, next_recv_beta);
                ^~~~~~~~~~~~~~
In file included from ../src/streaming.h:12:0,
                 from ../src/streaming.c:3:
../../eth_with_dma_fft_xadc_bsp/microblaze_0/include/lwip/tcp.h:320:18: note: expected 'tcp_recv_fn {aka signed char (*)(void *, struct tcp_pcb *, struct pbuf *, signed char)}' but argument is of type 'void (*)(void *, struct tcp_pcb *, struct pbuf *, err_t) {aka void (*)(void *, struct tcp_pcb *, struct pbuf *, signed char)}'
 void             tcp_recv    (struct tcp_pcb *pcb, tcp_recv_fn recv);
                  ^~~~~~~~
../src/streaming.c: In function 'start_song_callback':
../src/streaming.c:122:19: warning: passing argument 2 of 'tcp_recv' from incompatible pointer type [-Wincompatible-pointer-types]
  tcp_recv(newpcb, start_song_ack);
                   ^~~~~~~~~~~~~~
In file included from ../src/streaming.h:12:0,
                 from ../src/streaming.c:3:
../../eth_with_dma_fft_xadc_bsp/microblaze_0/include/lwip/tcp.h:320:18: note: expected 'tcp_recv_fn {aka signed char (*)(void *, struct tcp_pcb *, struct pbuf *, signed char)}' but argument is of type 'void (*)(void *, struct tcp_pcb *, struct pbuf *, err_t) {aka void (*)(void *, struct tcp_pcb *, struct pbuf *, signed char)}'
 void             tcp_recv    (struct tcp_pcb *pcb, tcp_recv_fn recv);
                  ^~~~~~~~
Finished building: ../src/streaming.c
 
Building target: eth_with_dma_fft_xadc.elf
Invoking: MicroBlaze gcc linker
mb-gcc -Wl,-T -Wl,../src/lscript.ld -L../../eth_with_dma_fft_xadc_bsp/microblaze_0/lib -mlittle-endian -mcpu=v10.0 -mxl-soft-mul -Wl,--no-relax -Wl,--gc-sections -o "eth_with_dma_fft_xadc.elf"  ./src/dma.o ./src/echo.o ./src/i2c_access.o ./src/iic_phyreset.o ./src/main.o ./src/platform.o ./src/platform_mb.o ./src/platform_ppc.o ./src/platform_zynq.o ./src/platform_zynqmp.o ./src/sfp.o ./src/si5324.o ./src/streaming.o   -Wl,--start-group,-lxil,-lgcc,-lc,--end-group -Wl,--start-group,-lxil,-llwip4,-lgcc,-lc,--end-group
Finished building target: eth_with_dma_fft_xadc.elf
 
Invoking: MicroBlaze Print Size
mb-size eth_with_dma_fft_xadc.elf  |tee "eth_with_dma_fft_xadc.elf.size"
   text	   data	    bss	    dec	    hex	filename
 109208	   1456	19693704	19804368	12e30d0	eth_with_dma_fft_xadc.elf
Finished building: eth_with_dma_fft_xadc.elf.size
 
20:34:10 **** Auto Build of configuration Debug for project eth_with_dma_fft_xadc ****
make all 
Building file: ../src/main.c
Invoking: MicroBlaze gcc compiler
mb-gcc -Wall -O0 -g3 -c -fmessage-length=0 -MT"src/main.o" -I../../eth_with_dma_fft_xadc_bsp/microblaze_0/include -mlittle-endian -mcpu=v10.0 -mxl-soft-mul -Wl,--no-relax -ffunction-sections -fdata-sections -MMD -MP -MF"src/main.d" -MT"src/main.o" -o "src/main.o" "../src/main.c"
../src/main.c: In function 'main':
../src/main.c:288:6: warning: unused variable 'fetching_frame' [-Wunused-variable]
  int fetching_frame = 0;
      ^~~~~~~~~~~~~~
../src/main.c:286:6: warning: unused variable 'song_finished' [-Wunused-variable]
  int song_finished = 0;
      ^~~~~~~~~~~~~
../src/main.c:267:25: warning: variable 'args_get' set but not used [-Wunused-but-set-variable]
  volatile unsigned int *args_get[2];
                         ^~~~~~~~
../src/main.c:261:16: warning: unused variable 'args' [-Wunused-variable]
  unsigned char args[4];
                ^~~~
Finished building: ../src/main.c
 
Building target: eth_with_dma_fft_xadc.elf
Invoking: MicroBlaze gcc linker
mb-gcc -Wl,-T -Wl,../src/lscript.ld -L../../eth_with_dma_fft_xadc_bsp/microblaze_0/lib -mlittle-endian -mcpu=v10.0 -mxl-soft-mul -Wl,--no-relax -Wl,--gc-sections -o "eth_with_dma_fft_xadc.elf"  ./src/dma.o ./src/echo.o ./src/i2c_access.o ./src/iic_phyreset.o ./src/main.o ./src/platform.o ./src/platform_mb.o ./src/platform_ppc.o ./src/platform_zynq.o ./src/platform_zynqmp.o ./src/sfp.o ./src/si5324.o ./src/streaming.o   -Wl,--start-group,-lxil,-lgcc,-lc,--end-group -Wl,--start-group,-lxil,-llwip4,-lgcc,-lc,--end-group
Finished building target: eth_with_dma_fft_xadc.elf
 
Invoking: MicroBlaze Print Size
mb-size eth_with_dma_fft_xadc.elf  |tee "eth_with_dma_fft_xadc.elf.size"
   text	   data	    bss	    dec	    hex	filename
 109208	   1456	19693704	19804368	12e30d0	eth_with_dma_fft_xadc.elf
Finished building: eth_with_dma_fft_xadc.elf.size
 
20:35:45 **** Incremental Build of configuration Debug for project eth_with_dma_fft_xadc ****
make all 
make: Nothing to be done for 'all'.
20:35:59 **** Incremental Build of configuration Debug for project eth_with_dma_fft_xadc ****
make all 
make: Nothing to be done for 'all'.
20:37:09 **** Auto Build of configuration Debug for project eth_with_dma_fft_xadc ****
make all 
Building file: ../src/main.c
Invoking: MicroBlaze gcc compiler
mb-gcc -Wall -O0 -g3 -c -fmessage-length=0 -MT"src/main.o" -I../../eth_with_dma_fft_xadc_bsp/microblaze_0/include -mlittle-endian -mcpu=v10.0 -mxl-soft-mul -Wl,--no-relax -ffunction-sections -fdata-sections -MMD -MP -MF"src/main.d" -MT"src/main.o" -o "src/main.o" "../src/main.c"
../src/main.c: In function 'main':
../src/main.c:381:39: warning: implicit declaration of function 'get_s2mm_status' [-Wimplicit-function-declaration]
      xil_printf("Not Idle: 0x%08x\n", get_s2mm_status());
                                       ^~~~~~~~~~~~~~~
../src/main.c:382:9: warning: implicit declaration of function 'check_s2mm_status_idle' [-Wimplicit-function-declaration]
      if(check_s2mm_status_idle()) {
         ^~~~~~~~~~~~~~~~~~~~~~
../src/main.c:288:6: warning: unused variable 'fetching_frame' [-Wunused-variable]
  int fetching_frame = 0;
      ^~~~~~~~~~~~~~
../src/main.c:286:6: warning: unused variable 'song_finished' [-Wunused-variable]
  int song_finished = 0;
      ^~~~~~~~~~~~~
../src/main.c:267:25: warning: variable 'args_get' set but not used [-Wunused-but-set-variable]
  volatile unsigned int *args_get[2];
                         ^~~~~~~~
../src/main.c:261:16: warning: unused variable 'args' [-Wunused-variable]
  unsigned char args[4];
                ^~~~
Finished building: ../src/main.c
 
Building target: eth_with_dma_fft_xadc.elf
Invoking: MicroBlaze gcc linker
mb-gcc -Wl,-T -Wl,../src/lscript.ld -L../../eth_with_dma_fft_xadc_bsp/microblaze_0/lib -mlittle-endian -mcpu=v10.0 -mxl-soft-mul -Wl,--no-relax -Wl,--gc-sections -o "eth_with_dma_fft_xadc.elf"  ./src/dma.o ./src/echo.o ./src/i2c_access.o ./src/iic_phyreset.o ./src/main.o ./src/platform.o ./src/platform_mb.o ./src/platform_ppc.o ./src/platform_zynq.o ./src/platform_zynqmp.o ./src/sfp.o ./src/si5324.o ./src/streaming.o   -Wl,--start-group,-lxil,-lgcc,-lc,--end-group -Wl,--start-group,-lxil,-llwip4,-lgcc,-lc,--end-group
./src/main.o: In function `main':
/nfs/ug/homes-1/t/tramblei/vivaldo_fresh_eth_xadc_fft_dma_corr/vivaldo_fresh_eth_xadc_fft_dma_corr.sdk/eth_with_dma_fft_xadc/Debug/../src/main.c:381: undefined reference to `get_s2mm_status'
makefile:36: recipe for target 'eth_with_dma_fft_xadc.elf' failed
/nfs/ug/homes-1/t/tramblei/vivaldo_fresh_eth_xadc_fft_dma_corr/vivaldo_fresh_eth_xadc_fft_dma_corr.sdk/eth_with_dma_fft_xadc/Debug/../src/main.c:382: undefined reference to `check_s2mm_status_idle'
collect2: error: ld returned 1 exit status
make: *** [eth_with_dma_fft_xadc.elf] Error 1
20:37:29 **** Auto Build of configuration Debug for project eth_with_dma_fft_xadc ****
make all 
Building file: ../src/dma.c
Invoking: MicroBlaze gcc compiler
mb-gcc -Wall -O0 -g3 -c -fmessage-length=0 -MT"src/dma.o" -I../../eth_with_dma_fft_xadc_bsp/microblaze_0/include -mlittle-endian -mcpu=v10.0 -mxl-soft-mul -Wl,--no-relax -ffunction-sections -fdata-sections -MMD -MP -MF"src/dma.d" -MT"src/dma.o" -o "src/dma.o" "../src/dma.c"
../src/dma.c:2:1: warning: "/*" within comment [-Wcomment]
 /*
  
Finished building: ../src/dma.c
 
Building target: eth_with_dma_fft_xadc.elf
Invoking: MicroBlaze gcc linker
mb-gcc -Wl,-T -Wl,../src/lscript.ld -L../../eth_with_dma_fft_xadc_bsp/microblaze_0/lib -mlittle-endian -mcpu=v10.0 -mxl-soft-mul -Wl,--no-relax -Wl,--gc-sections -o "eth_with_dma_fft_xadc.elf"  ./src/dma.o ./src/echo.o ./src/i2c_access.o ./src/iic_phyreset.o ./src/main.o ./src/platform.o ./src/platform_mb.o ./src/platform_ppc.o ./src/platform_zynq.o ./src/platform_zynqmp.o ./src/sfp.o ./src/si5324.o ./src/streaming.o   -Wl,--start-group,-lxil,-lgcc,-lc,--end-group -Wl,--start-group,-lxil,-llwip4,-lgcc,-lc,--end-group
Finished building target: eth_with_dma_fft_xadc.elf
 
Invoking: MicroBlaze Print Size
mb-size eth_with_dma_fft_xadc.elf  |tee "eth_with_dma_fft_xadc.elf.size"
   text	   data	    bss	    dec	    hex	filename
 110728	   1464	19693704	19805896	12e36c8	eth_with_dma_fft_xadc.elf
Finished building: eth_with_dma_fft_xadc.elf.size
 
20:37:42 **** Auto Build of configuration Debug for project eth_with_dma_fft_xadc ****
make all 
Building file: ../src/dma.c
Invoking: MicroBlaze gcc compiler
mb-gcc -Wall -O0 -g3 -c -fmessage-length=0 -MT"src/dma.o" -I../../eth_with_dma_fft_xadc_bsp/microblaze_0/include -mlittle-endian -mcpu=v10.0 -mxl-soft-mul -Wl,--no-relax -ffunction-sections -fdata-sections -MMD -MP -MF"src/dma.d" -MT"src/dma.o" -o "src/dma.o" "../src/dma.c"
../src/dma.c:2:1: warning: "/*" within comment [-Wcomment]
 /*
  
Finished building: ../src/dma.c
 
Building file: ../src/main.c
Invoking: MicroBlaze gcc compiler
mb-gcc -Wall -O0 -g3 -c -fmessage-length=0 -MT"src/main.o" -I../../eth_with_dma_fft_xadc_bsp/microblaze_0/include -mlittle-endian -mcpu=v10.0 -mxl-soft-mul -Wl,--no-relax -ffunction-sections -fdata-sections -MMD -MP -MF"src/main.d" -MT"src/main.o" -o "src/main.o" "../src/main.c"
../src/main.c: In function 'main':
../src/main.c:288:6: warning: unused variable 'fetching_frame' [-Wunused-variable]
  int fetching_frame = 0;
      ^~~~~~~~~~~~~~
../src/main.c:286:6: warning: unused variable 'song_finished' [-Wunused-variable]
  int song_finished = 0;
      ^~~~~~~~~~~~~
../src/main.c:267:25: warning: variable 'args_get' set but not used [-Wunused-but-set-variable]
  volatile unsigned int *args_get[2];
                         ^~~~~~~~
../src/main.c:261:16: warning: unused variable 'args' [-Wunused-variable]
  unsigned char args[4];
                ^~~~
Finished building: ../src/main.c
 
Building target: eth_with_dma_fft_xadc.elf
Invoking: MicroBlaze gcc linker
mb-gcc -Wl,-T -Wl,../src/lscript.ld -L../../eth_with_dma_fft_xadc_bsp/microblaze_0/lib -mlittle-endian -mcpu=v10.0 -mxl-soft-mul -Wl,--no-relax -Wl,--gc-sections -o "eth_with_dma_fft_xadc.elf"  ./src/dma.o ./src/echo.o ./src/i2c_access.o ./src/iic_phyreset.o ./src/main.o ./src/platform.o ./src/platform_mb.o ./src/platform_ppc.o ./src/platform_zynq.o ./src/platform_zynqmp.o ./src/sfp.o ./src/si5324.o ./src/streaming.o   -Wl,--start-group,-lxil,-lgcc,-lc,--end-group -Wl,--start-group,-lxil,-llwip4,-lgcc,-lc,--end-group
Finished building target: eth_with_dma_fft_xadc.elf
 
Invoking: MicroBlaze Print Size
mb-size eth_with_dma_fft_xadc.elf  |tee "eth_with_dma_fft_xadc.elf.size"
   text	   data	    bss	    dec	    hex	filename
 110728	   1464	19693704	19805896	12e36c8	eth_with_dma_fft_xadc.elf
Finished building: eth_with_dma_fft_xadc.elf.size
 
20:37:54 **** Incremental Build of configuration Debug for project eth_with_dma_fft_xadc ****
make all 
make: Nothing to be done for 'all'.
20:38:39 **** Auto Build of configuration Debug for project eth_with_dma_fft_xadc ****
make all 
Building file: ../src/dma.c
Invoking: MicroBlaze gcc compiler
mb-gcc -Wall -O0 -g3 -c -fmessage-length=0 -MT"src/dma.o" -I../../eth_with_dma_fft_xadc_bsp/microblaze_0/include -mlittle-endian -mcpu=v10.0 -mxl-soft-mul -Wl,--no-relax -ffunction-sections -fdata-sections -MMD -MP -MF"src/dma.d" -MT"src/dma.o" -o "src/dma.o" "../src/dma.c"
../src/dma.c:2:1: warning: "/*" within comment [-Wcomment]
 /*
  
Finished building: ../src/dma.c
 
Building target: eth_with_dma_fft_xadc.elf
Invoking: MicroBlaze gcc linker
mb-gcc -Wl,-T -Wl,../src/lscript.ld -L../../eth_with_dma_fft_xadc_bsp/microblaze_0/lib -mlittle-endian -mcpu=v10.0 -mxl-soft-mul -Wl,--no-relax -Wl,--gc-sections -o "eth_with_dma_fft_xadc.elf"  ./src/dma.o ./src/echo.o ./src/i2c_access.o ./src/iic_phyreset.o ./src/main.o ./src/platform.o ./src/platform_mb.o ./src/platform_ppc.o ./src/platform_zynq.o ./src/platform_zynqmp.o ./src/sfp.o ./src/si5324.o ./src/streaming.o   -Wl,--start-group,-lxil,-lgcc,-lc,--end-group -Wl,--start-group,-lxil,-llwip4,-lgcc,-lc,--end-group
Finished building target: eth_with_dma_fft_xadc.elf
 
Invoking: MicroBlaze Print Size
mb-size eth_with_dma_fft_xadc.elf  |tee "eth_with_dma_fft_xadc.elf.size"
   text	   data	    bss	    dec	    hex	filename
 110696	   1464	19693704	19805864	12e36a8	eth_with_dma_fft_xadc.elf
Finished building: eth_with_dma_fft_xadc.elf.size
 
20:38:41 **** Auto Build of configuration Debug for project eth_with_dma_fft_xadc ****
make all 
Building file: ../src/dma.c
Invoking: MicroBlaze gcc compiler
mb-gcc -Wall -O0 -g3 -c -fmessage-length=0 -MT"src/dma.o" -I../../eth_with_dma_fft_xadc_bsp/microblaze_0/include -mlittle-endian -mcpu=v10.0 -mxl-soft-mul -Wl,--no-relax -ffunction-sections -fdata-sections -MMD -MP -MF"src/dma.d" -MT"src/dma.o" -o "src/dma.o" "../src/dma.c"
../src/dma.c:2:1: warning: "/*" within comment [-Wcomment]
 /*
  
Finished building: ../src/dma.c
 
Building target: eth_with_dma_fft_xadc.elf
Invoking: MicroBlaze gcc linker
mb-gcc -Wl,-T -Wl,../src/lscript.ld -L../../eth_with_dma_fft_xadc_bsp/microblaze_0/lib -mlittle-endian -mcpu=v10.0 -mxl-soft-mul -Wl,--no-relax -Wl,--gc-sections -o "eth_with_dma_fft_xadc.elf"  ./src/dma.o ./src/echo.o ./src/i2c_access.o ./src/iic_phyreset.o ./src/main.o ./src/platform.o ./src/platform_mb.o ./src/platform_ppc.o ./src/platform_zynq.o ./src/platform_zynqmp.o ./src/sfp.o ./src/si5324.o ./src/streaming.o   -Wl,--start-group,-lxil,-lgcc,-lc,--end-group -Wl,--start-group,-lxil,-llwip4,-lgcc,-lc,--end-group
Finished building target: eth_with_dma_fft_xadc.elf
 
Invoking: MicroBlaze Print Size
mb-size eth_with_dma_fft_xadc.elf  |tee "eth_with_dma_fft_xadc.elf.size"
   text	   data	    bss	    dec	    hex	filename
[...]
Finished building target: eth_with_dma_fft_xadc.elf
 
Invoking: MicroBlaze Print Size
mb-size eth_with_dma_fft_xadc.elf  |tee "eth_with_dma_fft_xadc.elf.size"
   text	   data	    bss	    dec	    hex	filename
 110952	   1484	110887460	110999896	69db958	eth_with_dma_fft_xadc.elf
Finished building: eth_with_dma_fft_xadc.elf.size
 
23:00:42 **** Auto Build of configuration Debug for project eth_with_dma_fft_xadc ****
make all 
Building file: ../src/main.c
Invoking: MicroBlaze gcc compiler
mb-gcc -Wall -O0 -g3 -c -fmessage-length=0 -MT"src/main.o" -I../../standalone_bsp_0/microblaze_0/include -mlittle-endian -mcpu=v10.0 -mxl-soft-mul -Wl,--no-relax -ffunction-sections -fdata-sections -MMD -MP -MF"src/main.d" -MT"src/main.o" -o "src/main.o" "../src/main.c"
../src/main.c: In function 'countdown':
../src/main.c:168:6: warning: unused variable 'sum' [-Wunused-variable]
  int sum = 0;
      ^~~
../src/main.c: In function 'main':
../src/main.c:501:32: warning: passing argument 1 of 'microblaze_flush_dcache_range' makes integer from pointer without a cast [-Wint-conversion]
  microblaze_flush_dcache_range(corr.values, corr.length);
                                ^~~~
In file included from ../../standalone_bsp_0/microblaze_0/include/lwip/opt.h:49:0,
                 from ../../standalone_bsp_0/microblaze_0/include/lwip/netif.h:35,
                 from ../../standalone_bsp_0/microblaze_0/include/netif/xadapter.h:49,
                 from ../src/main.c:36:
../../standalone_bsp_0/microblaze_0/include/mb_interface.h:75:13: note: expected 'u32 {aka long unsigned int}' but argument is of type 'unsigned char *'
 extern void microblaze_flush_dcache_range(u32 cacheaddr, u32 len);        /* Flush a part of the dcache */
             ^~~~~~~~~~~~~~~~~~~~~~~~~~~~~
../src/main.c:344:6: warning: unused variable 'fetching_frame' [-Wunused-variable]
  int fetching_frame = 0;
      ^~~~~~~~~~~~~~
../src/main.c:342:6: warning: unused variable 'song_finished' [-Wunused-variable]
  int song_finished = 0;
      ^~~~~~~~~~~~~
Finished building: ../src/main.c
 
Building target: eth_with_dma_fft_xadc.elf
Invoking: MicroBlaze gcc linker
mb-gcc -Wl,-T -Wl,../src/lscript.ld -L../../standalone_bsp_0/microblaze_0/lib -mlittle-endian -mcpu=v10.0 -mxl-soft-mul -Wl,--no-relax -Wl,--gc-sections -o "eth_with_dma_fft_xadc.elf"  ./src/dma.o ./src/echo.o ./src/i2c_access.o ./src/iic_phyreset.o ./src/main.o ./src/platform.o ./src/platform_mb.o ./src/platform_ppc.o ./src/platform_zynq.o ./src/platform_zynqmp.o ./src/sfp.o ./src/si5324.o ./src/streaming.o   -Wl,--start-group,-lxil,-lgcc,-lc,--end-group -Wl,--start-group,-lxil,-llwip4,-lgcc,-lc,--end-group
Finished building target: eth_with_dma_fft_xadc.elf
 
Invoking: MicroBlaze Print Size
mb-size eth_with_dma_fft_xadc.elf  |tee "eth_with_dma_fft_xadc.elf.size"
   text	   data	    bss	    dec	    hex	filename
 110952	   1484	110887460	110999896	69db958	eth_with_dma_fft_xadc.elf
Finished building: eth_with_dma_fft_xadc.elf.size
 
23:01:31 **** Auto Build of configuration Debug for project eth_with_dma_fft_xadc ****
make all 
Building file: ../src/main.c
Invoking: MicroBlaze gcc compiler
mb-gcc -Wall -O0 -g3 -c -fmessage-length=0 -MT"src/main.o" -I../../standalone_bsp_0/microblaze_0/include -mlittle-endian -mcpu=v10.0 -mxl-soft-mul -Wl,--no-relax -ffunction-sections -fdata-sections -MMD -MP -MF"src/main.d" -MT"src/main.o" -o "src/main.o" "../src/main.c"
../src/main.c: In function 'countdown':
../src/main.c:168:6: warning: unused variable 'sum' [-Wunused-variable]
  int sum = 0;
      ^~~
../src/main.c: In function 'main':
../src/main.c:501:32: warning: passing argument 1 of 'microblaze_flush_dcache_range' makes integer from pointer without a cast [-Wint-conversion]
  microblaze_flush_dcache_range(corr.values, corr.length);
                                ^~~~
In file included from ../../standalone_bsp_0/microblaze_0/include/lwip/opt.h:49:0,
                 from ../../standalone_bsp_0/microblaze_0/include/lwip/netif.h:35,
                 from ../../standalone_bsp_0/microblaze_0/include/netif/xadapter.h:49,
                 from ../src/main.c:36:
../../standalone_bsp_0/microblaze_0/include/mb_interface.h:75:13: note: expected 'u32 {aka long unsigned int}' but argument is of type 'unsigned char *'
 extern void microblaze_flush_dcache_range(u32 cacheaddr, u32 len);        /* Flush a part of the dcache */
             ^~~~~~~~~~~~~~~~~~~~~~~~~~~~~
../src/main.c:344:6: warning: unused variable 'fetching_frame' [-Wunused-variable]
  int fetching_frame = 0;
      ^~~~~~~~~~~~~~
../src/main.c:342:6: warning: unused variable 'song_finished' [-Wunused-variable]
  int song_finished = 0;
      ^~~~~~~~~~~~~
Finished building: ../src/main.c
 
Building target: eth_with_dma_fft_xadc.elf
Invoking: MicroBlaze gcc linker
mb-gcc -Wl,-T -Wl,../src/lscript.ld -L../../standalone_bsp_0/microblaze_0/lib -mlittle-endian -mcpu=v10.0 -mxl-soft-mul -Wl,--no-relax -Wl,--gc-sections -o "eth_with_dma_fft_xadc.elf"  ./src/dma.o ./src/echo.o ./src/i2c_access.o ./src/iic_phyreset.o ./src/main.o ./src/platform.o ./src/platform_mb.o ./src/platform_ppc.o ./src/platform_zynq.o ./src/platform_zynqmp.o ./src/sfp.o ./src/si5324.o ./src/streaming.o   -Wl,--start-group,-lxil,-lgcc,-lc,--end-group -Wl,--start-group,-lxil,-llwip4,-lgcc,-lc,--end-group
Finished building target: eth_with_dma_fft_xadc.elf
 
Invoking: MicroBlaze Print Size
mb-size eth_with_dma_fft_xadc.elf  |tee "eth_with_dma_fft_xadc.elf.size"
   text	   data	    bss	    dec	    hex	filename
 110956	   1484	110887464	110999904	69db960	eth_with_dma_fft_xadc.elf
Finished building: eth_with_dma_fft_xadc.elf.size
 
23:01:54 **** Incremental Build of configuration Debug for project eth_with_dma_fft_xadc ****
make all 
make: Nothing to be done for 'all'.
23:05:06 **** Auto Build of configuration Debug for project eth_with_dma_fft_xadc ****
make all 
Building file: ../src/main.c
Invoking: MicroBlaze gcc compiler
mb-gcc -Wall -O0 -g3 -c -fmessage-length=0 -MT"src/main.o" -I../../standalone_bsp_0/microblaze_0/include -mlittle-endian -mcpu=v10.0 -mxl-soft-mul -Wl,--no-relax -ffunction-sections -fdata-sections -MMD -MP -MF"src/main.d" -MT"src/main.o" -o "src/main.o" "../src/main.c"
../src/main.c: In function 'countdown':
../src/main.c:168:6: warning: unused variable 'sum' [-Wunused-variable]
  int sum = 0;
      ^~~
../src/main.c: In function 'main':
../src/main.c:501:32: warning: passing argument 1 of 'microblaze_flush_dcache_range' makes integer from pointer without a cast [-Wint-conversion]
  microblaze_flush_dcache_range(corr.values, corr.length);
                                ^~~~
In file included from ../../standalone_bsp_0/microblaze_0/include/lwip/opt.h:49:0,
                 from ../../standalone_bsp_0/microblaze_0/include/lwip/netif.h:35,
                 from ../../standalone_bsp_0/microblaze_0/include/netif/xadapter.h:49,
                 from ../src/main.c:36:
../../standalone_bsp_0/microblaze_0/include/mb_interface.h:75:13: note: expected 'u32 {aka long unsigned int}' but argument is of type 'unsigned char *'
 extern void microblaze_flush_dcache_range(u32 cacheaddr, u32 len);        /* Flush a part of the dcache */
             ^~~~~~~~~~~~~~~~~~~~~~~~~~~~~
../src/main.c:344:6: warning: unused variable 'fetching_frame' [-Wunused-variable]
  int fetching_frame = 0;
      ^~~~~~~~~~~~~~
../src/main.c:342:6: warning: unused variable 'song_finished' [-Wunused-variable]
  int song_finished = 0;
      ^~~~~~~~~~~~~
Finished building: ../src/main.c
 
Building target: eth_with_dma_fft_xadc.elf
Invoking: MicroBlaze gcc linker
mb-gcc -Wl,-T -Wl,../src/lscript.ld -L../../standalone_bsp_0/microblaze_0/lib -mlittle-endian -mcpu=v10.0 -mxl-soft-mul -Wl,--no-relax -Wl,--gc-sections -o "eth_with_dma_fft_xadc.elf"  ./src/dma.o ./src/echo.o ./src/i2c_access.o ./src/iic_phyreset.o ./src/main.o ./src/platform.o ./src/platform_mb.o ./src/platform_ppc.o ./src/platform_zynq.o ./src/platform_zynqmp.o ./src/sfp.o ./src/si5324.o ./src/streaming.o   -Wl,--start-group,-lxil,-lgcc,-lc,--end-group -Wl,--start-group,-lxil,-llwip4,-lgcc,-lc,--end-group
Finished building target: eth_with_dma_fft_xadc.elf
 
Invoking: MicroBlaze Print Size
mb-size eth_with_dma_fft_xadc.elf  |tee "eth_with_dma_fft_xadc.elf.size"
   text	   data	    bss	    dec	    hex	filename
 110952	   1484	110887460	110999896	69db958	eth_with_dma_fft_xadc.elf
Finished building: eth_with_dma_fft_xadc.elf.size
 
23:05:24 **** Incremental Build of configuration Debug for project eth_with_dma_fft_xadc ****
make all 
make: Nothing to be done for 'all'.
22:59:24 **** Auto Build of configuration Debug for project eth_with_dma_fft_xadc ****
make all 
Building file: ../src/main.c
Invoking: MicroBlaze gcc compiler
mb-gcc -Wall -O0 -g3 -c -fmessage-length=0 -MT"src/main.o" -I../../standalone_bsp_0/microblaze_0/include -mlittle-endian -mcpu=v10.0 -mxl-soft-mul -Wl,--no-relax -ffunction-sections -fdata-sections -MMD -MP -MF"src/main.d" -MT"src/main.o" -o "src/main.o" "../src/main.c"
../src/main.c: In function 'countdown':
../src/main.c:168:6: warning: unused variable 'sum' [-Wunused-variable]
  int sum = 0;
      ^~~
../src/main.c: In function 'main':
../src/main.c:501:32: warning: passing argument 1 of 'microblaze_flush_dcache_range' makes integer from pointer without a cast [-Wint-conversion]
  microblaze_flush_dcache_range(corr.values, corr.length);
                                ^~~~
In file included from ../../standalone_bsp_0/microblaze_0/include/lwip/opt.h:49:0,
                 from ../../standalone_bsp_0/microblaze_0/include/lwip/netif.h:35,
                 from ../../standalone_bsp_0/microblaze_0/include/netif/xadapter.h:49,
                 from ../src/main.c:36:
../../standalone_bsp_0/microblaze_0/include/mb_interface.h:75:13: note: expected 'u32 {aka long unsigned int}' but argument is of type 'unsigned char *'
 extern void microblaze_flush_dcache_range(u32 cacheaddr, u32 len);        /* Flush a part of the dcache */
             ^~~~~~~~~~~~~~~~~~~~~~~~~~~~~
../src/main.c:344:6: warning: unused variable 'fetching_frame' [-Wunused-variable]
  int fetching_frame = 0;
      ^~~~~~~~~~~~~~
../src/main.c:342:6: warning: unused variable 'song_finished' [-Wunused-variable]
  int song_finished = 0;
      ^~~~~~~~~~~~~
Finished building: ../src/main.c
 
Building target: eth_with_dma_fft_xadc.elf
Invoking: MicroBlaze gcc linker
mb-gcc -Wl,-T -Wl,../src/lscript.ld -L../../standalone_bsp_0/microblaze_0/lib -mlittle-endian -mcpu=v10.0 -mxl-soft-mul -Wl,--no-relax -Wl,--gc-sections -o "eth_with_dma_fft_xadc.elf"  ./src/dma.o ./src/echo.o ./src/i2c_access.o ./src/iic_phyreset.o ./src/main.o ./src/platform.o ./src/platform_mb.o ./src/platform_ppc.o ./src/platform_zynq.o ./src/platform_zynqmp.o ./src/sfp.o ./src/si5324.o ./src/streaming.o   -Wl,--start-group,-lxil,-lgcc,-lc,--end-group -Wl,--start-group,-lxil,-llwip4,-lgcc,-lc,--end-group
Finished building target: eth_with_dma_fft_xadc.elf
 
Invoking: MicroBlaze Print Size
mb-size eth_with_dma_fft_xadc.elf  |tee "eth_with_dma_fft_xadc.elf.size"
   text	   data	    bss	    dec	    hex	filename
 110956	   1484	110887464	110999904	69db960	eth_with_dma_fft_xadc.elf
Finished building: eth_with_dma_fft_xadc.elf.size
 
23:00:09 **** Incremental Build of configuration Debug for project eth_with_dma_fft_xadc ****
make all 
make: Nothing to be done for 'all'.
23:01:21 **** Incremental Build of configuration Debug for project eth_with_dma_fft_xadc ****
make all 
make: Nothing to be done for 'all'.
23:06:37 **** Auto Build of configuration Debug for project eth_with_dma_fft_xadc ****
make all 
Building file: ../src/main.c
Invoking: MicroBlaze gcc compiler
mb-gcc -Wall -O0 -g3 -c -fmessage-length=0 -MT"src/main.o" -I../../standalone_bsp_0/microblaze_0/include -mlittle-endian -mcpu=v10.0 -mxl-soft-mul -Wl,--no-relax -ffunction-sections -fdata-sections -MMD -MP -MF"src/main.d" -MT"src/main.o" -o "src/main.o" "../src/main.c"
../src/main.c: In function 'countdown':
../src/main.c:168:6: warning: unused variable 'sum' [-Wunused-variable]
  int sum = 0;
      ^~~
../src/main.c: In function 'main':
../src/main.c:501:32: warning: passing argument 1 of 'microblaze_flush_dcache_range' makes integer from pointer without a cast [-Wint-conversion]
  microblaze_flush_dcache_range(corr.values, corr.length);
                                ^~~~
In file included from ../../standalone_bsp_0/microblaze_0/include/lwip/opt.h:49:0,
                 from ../../standalone_bsp_0/microblaze_0/include/lwip/netif.h:35,
                 from ../../standalone_bsp_0/microblaze_0/include/netif/xadapter.h:49,
                 from ../src/main.c:36:
../../standalone_bsp_0/microblaze_0/include/mb_interface.h:75:13: note: expected 'u32 {aka long unsigned int}' but argument is of type 'unsigned char *'
 extern void microblaze_flush_dcache_range(u32 cacheaddr, u32 len);        /* Flush a part of the dcache */
             ^~~~~~~~~~~~~~~~~~~~~~~~~~~~~
../src/main.c:344:6: warning: unused variable 'fetching_frame' [-Wunused-variable]
  int fetching_frame = 0;
      ^~~~~~~~~~~~~~
../src/main.c:342:6: warning: unused variable 'song_finished' [-Wunused-variable]
  int song_finished = 0;
      ^~~~~~~~~~~~~
Finished building: ../src/main.c
 
Building target: eth_with_dma_fft_xadc.elf
Invoking: MicroBlaze gcc linker
mb-gcc -Wl,-T -Wl,../src/lscript.ld -L../../standalone_bsp_0/microblaze_0/lib -mlittle-endian -mcpu=v10.0 -mxl-soft-mul -Wl,--no-relax -Wl,--gc-sections -o "eth_with_dma_fft_xadc.elf"  ./src/dma.o ./src/echo.o ./src/i2c_access.o ./src/iic_phyreset.o ./src/main.o ./src/platform.o ./src/platform_mb.o ./src/platform_ppc.o ./src/platform_zynq.o ./src/platform_zynqmp.o ./src/sfp.o ./src/si5324.o ./src/streaming.o   -Wl,--start-group,-lxil,-lgcc,-lc,--end-group -Wl,--start-group,-lxil,-llwip4,-lgcc,-lc,--end-group
Finished building target: eth_with_dma_fft_xadc.elf
 
Invoking: MicroBlaze Print Size
mb-size eth_with_dma_fft_xadc.elf  |tee "eth_with_dma_fft_xadc.elf.size"
   text	   data	    bss	    dec	    hex	filename
 110964	   1484	110887464	110999912	69db968	eth_with_dma_fft_xadc.elf
Finished building: eth_with_dma_fft_xadc.elf.size
 
23:06:42 **** Incremental Build of configuration Debug for project eth_with_dma_fft_xadc ****
make all 
make: Nothing to be done for 'all'.
23:07:29 **** Incremental Build of configuration Debug for project eth_with_dma_fft_xadc ****
make all 
make: Nothing to be done for 'all'.
23:08:33 **** Incremental Build of configuration Debug for project eth_with_dma_fft_xadc ****
make all 
make: Nothing to be done for 'all'.
23:12:55 **** Incremental Build of configuration Debug for project eth_with_dma_fft_xadc ****
make all 
make: Nothing to be done for 'all'.
23:13:45 **** Incremental Build of configuration Debug for project eth_with_dma_fft_xadc ****
make all 
make: Nothing to be done for 'all'.
23:20:14 **** Auto Build of configuration Debug for project eth_with_dma_fft_xadc ****
make all 
make: Nothing to be done for 'all'.
23:22:02 **** Incremental Build of configuration Debug for project eth_with_dma_fft_xadc ****
make all 
make: Nothing to be done for 'all'.
23:23:21 **** Incremental Build of configuration Debug for project eth_with_dma_fft_xadc ****
make all 
make: Nothing to be done for 'all'.
23:24:07 **** Incremental Build of configuration Debug for project eth_with_dma_fft_xadc ****
make all 
make: Nothing to be done for 'all'.
23:29:25 **** Incremental Build of configuration Debug for project eth_with_dma_fft_xadc ****
make all 
make: Nothing to be done for 'all'.
23:31:02 **** Incremental Build of configuration Debug for project eth_with_dma_fft_xadc ****
make all 
make: Nothing to be done for 'all'.
23:32:27 **** Incremental Build of configuration Debug for project eth_with_dma_fft_xadc ****
make all 
make: Nothing to be done for 'all'.
23:35:13 **** Incremental Build of configuration Debug for project eth_with_dma_fft_xadc ****
make all 
make: Nothing to be done for 'all'.
23:36:20 **** Incremental Build of configuration Debug for project eth_with_dma_fft_xadc ****
make all 
make: Nothing to be done for 'all'.
09:13:41 **** Incremental Build of configuration Debug for project eth_with_dma_fft_xadc ****
make all 
make: Nothing to be done for 'all'.
09:39:03 **** Incremental Build of configuration Debug for project eth_with_dma_fft_xadc ****
make all 
make: Nothing to be done for 'all'.
09:39:55 **** Incremental Build of configuration Debug for project eth_with_dma_fft_xadc ****
make all 
make: Nothing to be done for 'all'.
09:41:37 **** Incremental Build of configuration Debug for project eth_with_dma_fft_xadc ****
make all 
make: Nothing to be done for 'all'.
09:43:15 **** Auto Build of configuration Debug for project eth_with_dma_fft_xadc ****
make all 
Building file: ../src/main.c
Invoking: MicroBlaze gcc compiler
mb-gcc -Wall -O0 -g3 -c -fmessage-length=0 -MT"src/main.o" -I../../standalone_bsp_0/microblaze_0/include -mlittle-endian -mcpu=v10.0 -mxl-soft-mul -Wl,--no-relax -ffunction-sections -fdata-sections -MMD -MP -MF"src/main.d" -MT"src/main.o" -o "src/main.o" "../src/main.c"
../src/main.c: In function 'countdown':
../src/main.c:168:6: warning: unused variable 'sum' [-Wunused-variable]
  int sum = 0;
      ^~~
../src/main.c: In function 'main':
../src/main.c:501:32: warning: passing argument 1 of 'microblaze_flush_dcache_range' makes integer from pointer without a cast [-Wint-conversion]
  microblaze_flush_dcache_range(corr.values, corr.length);
                                ^~~~
In file included from ../../standalone_bsp_0/microblaze_0/include/lwip/opt.h:49:0,
                 from ../../standalone_bsp_0/microblaze_0/include/lwip/netif.h:35,
                 from ../../standalone_bsp_0/microblaze_0/include/netif/xadapter.h:49,
                 from ../src/main.c:36:
../../standalone_bsp_0/microblaze_0/include/mb_interface.h:75:13: note: expected 'u32 {aka long unsigned int}' but argument is of type 'unsigned char *'
 extern void microblaze_flush_dcache_range(u32 cacheaddr, u32 len);        /* Flush a part of the dcache */
             ^~~~~~~~~~~~~~~~~~~~~~~~~~~~~
../src/main.c:344:6: warning: unused variable 'fetching_frame' [-Wunused-variable]
  int fetching_frame = 0;
      ^~~~~~~~~~~~~~
../src/main.c:342:6: warning: unused variable 'song_finished' [-Wunused-variable]
  int song_finished = 0;
      ^~~~~~~~~~~~~
Finished building: ../src/main.c
 
Building target: eth_with_dma_fft_xadc.elf
Invoking: MicroBlaze gcc linker
mb-gcc -Wl,-T -Wl,../src/lscript.ld -L../../standalone_bsp_0/microblaze_0/lib -mlittle-endian -mcpu=v10.0 -mxl-soft-mul -Wl,--no-relax -Wl,--gc-sections -o "eth_with_dma_fft_xadc.elf"  ./src/dma.o ./src/echo.o ./src/i2c_access.o ./src/iic_phyreset.o ./src/main.o ./src/platform.o ./src/platform_mb.o ./src/platform_ppc.o ./src/platform_zynq.o ./src/platform_zynqmp.o ./src/sfp.o ./src/si5324.o ./src/streaming.o   -Wl,--start-group,-lxil,-lgcc,-lc,--end-group -Wl,--start-group,-lxil,-llwip4,-lgcc,-lc,--end-group
Finished building target: eth_with_dma_fft_xadc.elf
 
Invoking: MicroBlaze Print Size
mb-size eth_with_dma_fft_xadc.elf  |tee "eth_with_dma_fft_xadc.elf.size"
   text	   data	    bss	    dec	    hex	filename
 110976	   1484	110887460	110999920	69db970	eth_with_dma_fft_xadc.elf
Finished building: eth_with_dma_fft_xadc.elf.size
 
09:43:51 **** Incremental Build of configuration Debug for project eth_with_dma_fft_xadc ****
make all 
make: Nothing to be done for 'all'.
09:44:22 **** Incremental Build of configuration Debug for project eth_with_dma_fft_xadc ****
make all 
make: Nothing to be done for 'all'.
